

================================================================
== Synthesis Summary Report of 'vector_add'
================================================================
+ General Information: 
    * Date:           Wed Nov  2 17:33:09 2022
    * Version:        2022.1 (Build 3526262 on Mon Apr 18 15:48:16 MDT 2022)
    * Project:        cgcn
    * Solution:       solution1 (Vivado IP Flow Target)
    * Product family: zynq
    * Target device:  xc7z010-clg400-2
    

+ Performance & Resource Estimates: 
    
    PS: '+' for module; 'o' for loop; '*' for dataflow
    +----------------------------------------------------------------------------------------+------+------+---------+---------+----------+---------+------+----------+---------+--------+--------------+--------------+-----+
    |                                         Modules                                        | Issue|      | Latency | Latency | Iteration|         | Trip |          |         |        |              |              |     |
    |                                         & Loops                                        | Type | Slack| (cycles)|   (ns)  |  Latency | Interval| Count| Pipelined|  BRAM   |   DSP  |      FF      |      LUT     | URAM|
    +----------------------------------------------------------------------------------------+------+------+---------+---------+----------+---------+------+----------+---------+--------+--------------+--------------+-----+
    |+ vector_add                                                                            |     -|  0.25|        -|        -|         -|        -|     -|        no|  1 (~0%)|  6 (7%)|  40319 (114%)|  43565 (247%)|    -|
    | + rerArray*                                                                            |     -|  0.25|        -|        -|         -|        -|     -|  dataflow|  1 (~0%)|  6 (7%)|  40314 (114%)|  43550 (247%)|    -|
    |  + rerArray_Loop_compute_col_proc2                                                     |     -|  0.25|        -|        -|         -|        -|     -|        no|        -|  3 (3%)|      798 (2%)|    7812 (44%)|    -|
    |   o compute_col_compute_row                                                            |     -|  7.30|        -|        -|        40|        -|     -|        no|        -|       -|             -|             -|    -|
    |    + rerArray_Loop_compute_col_proc2_Pipeline_PE_Compute                               |     -|  0.25|       37|  370.000|         -|       37|     -|        no|        -|  3 (3%)|      617 (1%)|    4034 (22%)|    -|
    |     o PE_Compute                                                                       |     -|  7.30|       35|  350.000|         5|        1|    32|       yes|        -|       -|             -|             -|    -|
    |  + entry_proc                                                                          |     -|  3.90|        0|    0.000|         -|        0|     -|        no|        -|       -|       3 (~0%)|      46 (~0%)|    -|
    |  + rerArray_Loop_input_batch_proc3                                                     |     -|  0.25|        -|        -|         -|        -|     -|        no|  1 (~0%)|  3 (3%)|     1000 (2%)|    9216 (52%)|    -|
    |   o input_batch                                                                        |     -|  7.30|        -|        -|         -|        -|     -|        no|        -|       -|             -|             -|    -|
    |    + rerArray_Loop_input_batch_proc3_Pipeline_input_turn_property_input_property_VITI  |     -|  0.48|        -|        -|         -|        -|     -|        no|        -|       -|     180 (~0%)|     1611 (9%)|    -|
    |     o input_turn_property_input_property_VITIS_LOOP_46_1                               |     -|  7.30|        -|        -|         2|        1|     -|       yes|        -|       -|             -|             -|    -|
    |    + rerArray_Loop_input_batch_proc3_Pipeline_input_turn_weight_input_weight_VITIS_LO  |     -|  0.68|        -|        -|         -|        -|     -|        no|        -|       -|     180 (~0%)|     1637 (9%)|    -|
    |     o input_turn_weight_input_weight_VITIS_LOOP_57_2                                   |     -|  7.30|        -|        -|         2|        1|     -|       yes|        -|       -|             -|             -|    -|
    |    + rerArray_Loop_input_batch_proc3_Pipeline_VITIS_LOOP_62_3_VITIS_LOOP_63_4          |     -|  3.38|        -|        -|         -|        -|     -|        no|        -|       -|     193 (~0%)|    2142 (12%)|    -|
    |     o VITIS_LOOP_62_3_VITIS_LOOP_63_4                                                  |     -|  7.30|        -|        -|         3|        1|     -|       yes|        -|       -|             -|             -|    -|
    |    o VITIS_LOOP_67_5                                                                   |     -|  7.30|        8|   80.000|         2|        -|     4|        no|        -|       -|             -|             -|    -|
    +----------------------------------------------------------------------------------------+------+------+---------+---------+----------+---------+------+----------+---------+--------+--------------+--------------+-----+


================================================================
== HW Interfaces
================================================================
* REGISTER
+----------------+---------+----------+
| Interface      | Mode    | Bitwidth |
+----------------+---------+----------+
| featrue_data   | ap_none | 32       |
| featrue_length | ap_none | 32       |
| node_cnt       | ap_none | 32       |
| output_data    | ap_none | 32       |
| output_size    | ap_none | 32       |
| weight_array   | ap_none | 32       |
+----------------+---------+----------+

* TOP LEVEL CONTROL
+-----------+------------+-----------------------------------+
| Interface | Type       | Ports                             |
+-----------+------------+-----------------------------------+
| ap_clk    | clock      | ap_clk                            |
| ap_rst    | reset      | ap_rst                            |
| ap_ctrl   | ap_ctrl_hs | ap_done ap_idle ap_ready ap_start |
+-----------+------------+-----------------------------------+


================================================================
== SW I/O Information
================================================================
* Top Function Arguments
+----------------+-----------+----------+
| Argument       | Direction | Datatype |
+----------------+-----------+----------+
| featrue_data   | in        | int*     |
| featrue_length | in        | int      |
| weight_array   | in        | int*     |
| output_size    | in        | int      |
| node_cnt       | in        | int      |
| output_data    | out       | int*     |
+----------------+-----------+----------+

* SW-to-HW Mapping
+----------------+--------------------+---------+
| Argument       | HW Interface       | HW Type |
+----------------+--------------------+---------+
| featrue_data   | featrue_data       | port    |
| featrue_length | featrue_length     | port    |
| weight_array   | weight_array       | port    |
| output_size    | output_size        | port    |
| node_cnt       | node_cnt           | port    |
| output_data    | output_data        | port    |
| output_data    | output_data_ap_vld | port    |
+----------------+--------------------+---------+


================================================================
== Bind Op Report
================================================================
+---------------------------------------------------------------------------------------+-----+--------+------------+-----+--------+---------+
| Name                                                                                  | DSP | Pragma | Variable   | Op  | Impl   | Latency |
+---------------------------------------------------------------------------------------+-----+--------+------------+-----+--------+---------+
| + vector_add                                                                          | 6   |        |            |     |        |         |
|  + rerArray                                                                           | 6   |        |            |     |        |         |
|   + rerArray_Loop_compute_col_proc2                                                   | 3   |        |            |     |        |         |
|     add_ln31_1_fu_2391_p2                                                             | -   |        | add_ln31_1 | add | fabric | 0       |
|     add_ln31_fu_2403_p2                                                               | -   |        | add_ln31   | add | fabric | 0       |
|     add_ln33_fu_2572_p2                                                               | -   |        | add_ln33   | add | fabric | 0       |
|    + rerArray_Loop_compute_col_proc2_Pipeline_PE_Compute                              | 3   |        |            |     |        |         |
|      i_1_fu_3152_p2                                                                   | -   |        | i_1        | add | fabric | 0       |
|      mul_32s_32s_32_1_1_U7                                                            | 3   |        | mul_ln14   | mul | auto   | 0       |
|      sum_1_fu_3172_p2                                                                 | -   |        | sum_1      | add | fabric | 0       |
|   + rerArray_Loop_input_batch_proc3                                                   | 3   |        |            |     |        |         |
|     sub_ln28_fu_1723_p2                                                               | -   |        | sub_ln28   | sub | fabric | 0       |
|     sub_ln28_1_fu_1766_p2                                                             | -   |        | sub_ln28_1 | sub | fabric | 0       |
|     add_ln39_1_fu_1787_p2                                                             | -   |        | add_ln39_1 | add | fabric | 0       |
|     mul_32ns_34ns_65_1_1_U1051                                                        | 3   |        | bound4     | mul | auto   | 0       |
|     add_ln39_fu_1824_p2                                                               | -   |        | add_ln39   | add | fabric | 0       |
|     empty_21_fu_1842_p2                                                               | -   |        | empty_21   | add | fabric | 0       |
|     add_ln67_fu_1858_p2                                                               | -   |        | add_ln67   | add | fabric | 0       |
|    + rerArray_Loop_input_batch_proc3_Pipeline_input_turn_property_input_property_VITI | 0   |        |            |     |        |         |
|      add_ln41_fu_1354_p2                                                              | -   |        | add_ln41   | add | fabric | 0       |
|      add_ln43_fu_1406_p2                                                              | -   |        | add_ln43   | add | fabric | 0       |
|      add_ln46_fu_1453_p2                                                              | -   |        | add_ln46   | add | fabric | 0       |
|      add_ln43_1_fu_1459_p2                                                            | -   |        | add_ln43_1 | add | fabric | 0       |
|    + rerArray_Loop_input_batch_proc3_Pipeline_input_turn_weight_input_weight_VITIS_LO | 0   |        |            |     |        |         |
|      add_ln53_fu_1340_p2                                                              | -   |        | add_ln53   | add | fabric | 0       |
|      add_ln55_fu_1398_p2                                                              | -   |        | add_ln55   | add | fabric | 0       |
|      add_ln57_fu_1445_p2                                                              | -   |        | add_ln57   | add | fabric | 0       |
|      add_ln55_1_fu_1451_p2                                                            | -   |        | add_ln55_1 | add | fabric | 0       |
|    + rerArray_Loop_input_batch_proc3_Pipeline_VITIS_LOOP_62_3_VITIS_LOOP_63_4         | 0   |        |            |     |        |         |
|      add_ln62_1_fu_1451_p2                                                            | -   |        | add_ln62_1 | add | fabric | 0       |
|      add_ln62_fu_1463_p2                                                              | -   |        | add_ln62   | add | fabric | 0       |
|      add_ln64_fu_1511_p2                                                              | -   |        | add_ln64   | add | fabric | 0       |
|      add_ln63_fu_1522_p2                                                              | -   |        | add_ln63   | add | fabric | 0       |
+---------------------------------------------------------------------------------------+-----+--------+------------+-----+--------+---------+


================================================================
== Bind Storage Report
================================================================
+-------------------------------------+------+------+--------+---------------------+---------+------+---------+
| Name                                | BRAM | URAM | Pragma | Variable            | Storage | Impl | Latency |
+-------------------------------------+------+------+--------+---------------------+---------+------+---------+
| + vector_add                        | 1    | 0    |        |                     |         |      |         |
|  + rerArray                         | 1    | 0    |        |                     |         |      |         |
|    node_cnt_c_U                     | -    | -    |        | node_cnt_c          | fifo    | srl  | 0       |
|    output_size_c_U                  | -    | -    |        | output_size_c       | fifo    | srl  | 0       |
|    p_read1_c_U                      | -    | -    |        | p_read1_c           | fifo    | srl  | 0       |
|    featrue_length_c_U               | -    | -    |        | featrue_length_c    | fifo    | srl  | 0       |
|    p_read_c_U                       | -    | -    |        | p_read_c            | fifo    | srl  | 0       |
|    property_input_0_0_U             | -    | -    |        | property_input_0_0  | fifo    | srl  | 0       |
|    property_input_0_1_U             | -    | -    |        | property_input_0_1  | fifo    | srl  | 0       |
|    property_input_0_2_U             | -    | -    |        | property_input_0_2  | fifo    | srl  | 0       |
|    property_input_0_3_U             | -    | -    |        | property_input_0_3  | fifo    | srl  | 0       |
|    property_input_0_4_U             | -    | -    |        | property_input_0_4  | fifo    | srl  | 0       |
|    property_input_0_5_U             | -    | -    |        | property_input_0_5  | fifo    | srl  | 0       |
|    property_input_0_6_U             | -    | -    |        | property_input_0_6  | fifo    | srl  | 0       |
|    property_input_0_7_U             | -    | -    |        | property_input_0_7  | fifo    | srl  | 0       |
|    property_input_0_8_U             | -    | -    |        | property_input_0_8  | fifo    | srl  | 0       |
|    property_input_0_9_U             | -    | -    |        | property_input_0_9  | fifo    | srl  | 0       |
|    property_input_0_10_U            | -    | -    |        | property_input_0_10 | fifo    | srl  | 0       |
|    property_input_0_11_U            | -    | -    |        | property_input_0_11 | fifo    | srl  | 0       |
|    property_input_0_12_U            | -    | -    |        | property_input_0_12 | fifo    | srl  | 0       |
|    property_input_0_13_U            | -    | -    |        | property_input_0_13 | fifo    | srl  | 0       |
|    property_input_0_14_U            | -    | -    |        | property_input_0_14 | fifo    | srl  | 0       |
|    property_input_0_15_U            | -    | -    |        | property_input_0_15 | fifo    | srl  | 0       |
|    property_input_0_16_U            | -    | -    |        | property_input_0_16 | fifo    | srl  | 0       |
|    property_input_0_17_U            | -    | -    |        | property_input_0_17 | fifo    | srl  | 0       |
|    property_input_0_18_U            | -    | -    |        | property_input_0_18 | fifo    | srl  | 0       |
|    property_input_0_19_U            | -    | -    |        | property_input_0_19 | fifo    | srl  | 0       |
|    property_input_0_20_U            | -    | -    |        | property_input_0_20 | fifo    | srl  | 0       |
|    property_input_0_21_U            | -    | -    |        | property_input_0_21 | fifo    | srl  | 0       |
|    property_input_0_22_U            | -    | -    |        | property_input_0_22 | fifo    | srl  | 0       |
|    property_input_0_23_U            | -    | -    |        | property_input_0_23 | fifo    | srl  | 0       |
|    property_input_0_24_U            | -    | -    |        | property_input_0_24 | fifo    | srl  | 0       |
|    property_input_0_25_U            | -    | -    |        | property_input_0_25 | fifo    | srl  | 0       |
|    property_input_0_26_U            | -    | -    |        | property_input_0_26 | fifo    | srl  | 0       |
|    property_input_0_27_U            | -    | -    |        | property_input_0_27 | fifo    | srl  | 0       |
|    property_input_0_28_U            | -    | -    |        | property_input_0_28 | fifo    | srl  | 0       |
|    property_input_0_29_U            | -    | -    |        | property_input_0_29 | fifo    | srl  | 0       |
|    property_input_0_30_U            | -    | -    |        | property_input_0_30 | fifo    | srl  | 0       |
|    property_input_0_31_U            | -    | -    |        | property_input_0_31 | fifo    | srl  | 0       |
|    property_input_1_0_U             | -    | -    |        | property_input_1_0  | fifo    | srl  | 0       |
|    property_input_1_1_U             | -    | -    |        | property_input_1_1  | fifo    | srl  | 0       |
|    property_input_1_2_U             | -    | -    |        | property_input_1_2  | fifo    | srl  | 0       |
|    property_input_1_3_U             | -    | -    |        | property_input_1_3  | fifo    | srl  | 0       |
|    property_input_1_4_U             | -    | -    |        | property_input_1_4  | fifo    | srl  | 0       |
|    property_input_1_5_U             | -    | -    |        | property_input_1_5  | fifo    | srl  | 0       |
|    property_input_1_6_U             | -    | -    |        | property_input_1_6  | fifo    | srl  | 0       |
|    property_input_1_7_U             | -    | -    |        | property_input_1_7  | fifo    | srl  | 0       |
|    property_input_1_8_U             | -    | -    |        | property_input_1_8  | fifo    | srl  | 0       |
|    property_input_1_9_U             | -    | -    |        | property_input_1_9  | fifo    | srl  | 0       |
|    property_input_1_10_U            | -    | -    |        | property_input_1_10 | fifo    | srl  | 0       |
|    property_input_1_11_U            | -    | -    |        | property_input_1_11 | fifo    | srl  | 0       |
|    property_input_1_12_U            | -    | -    |        | property_input_1_12 | fifo    | srl  | 0       |
|    property_input_1_13_U            | -    | -    |        | property_input_1_13 | fifo    | srl  | 0       |
|    property_input_1_14_U            | -    | -    |        | property_input_1_14 | fifo    | srl  | 0       |
|    property_input_1_15_U            | -    | -    |        | property_input_1_15 | fifo    | srl  | 0       |
|    property_input_1_16_U            | -    | -    |        | property_input_1_16 | fifo    | srl  | 0       |
|    property_input_1_17_U            | -    | -    |        | property_input_1_17 | fifo    | srl  | 0       |
|    property_input_1_18_U            | -    | -    |        | property_input_1_18 | fifo    | srl  | 0       |
|    property_input_1_19_U            | -    | -    |        | property_input_1_19 | fifo    | srl  | 0       |
|    property_input_1_20_U            | -    | -    |        | property_input_1_20 | fifo    | srl  | 0       |
|    property_input_1_21_U            | -    | -    |        | property_input_1_21 | fifo    | srl  | 0       |
|    property_input_1_22_U            | -    | -    |        | property_input_1_22 | fifo    | srl  | 0       |
|    property_input_1_23_U            | -    | -    |        | property_input_1_23 | fifo    | srl  | 0       |
|    property_input_1_24_U            | -    | -    |        | property_input_1_24 | fifo    | srl  | 0       |
|    property_input_1_25_U            | -    | -    |        | property_input_1_25 | fifo    | srl  | 0       |
|    property_input_1_26_U            | -    | -    |        | property_input_1_26 | fifo    | srl  | 0       |
|    property_input_1_27_U            | -    | -    |        | property_input_1_27 | fifo    | srl  | 0       |
|    property_input_1_28_U            | -    | -    |        | property_input_1_28 | fifo    | srl  | 0       |
|    property_input_1_29_U            | -    | -    |        | property_input_1_29 | fifo    | srl  | 0       |
|    property_input_1_30_U            | -    | -    |        | property_input_1_30 | fifo    | srl  | 0       |
|    property_input_1_31_U            | -    | -    |        | property_input_1_31 | fifo    | srl  | 0       |
|    property_input_2_0_U             | -    | -    |        | property_input_2_0  | fifo    | srl  | 0       |
|    property_input_2_1_U             | -    | -    |        | property_input_2_1  | fifo    | srl  | 0       |
|    property_input_2_2_U             | -    | -    |        | property_input_2_2  | fifo    | srl  | 0       |
|    property_input_2_3_U             | -    | -    |        | property_input_2_3  | fifo    | srl  | 0       |
|    property_input_2_4_U             | -    | -    |        | property_input_2_4  | fifo    | srl  | 0       |
|    property_input_2_5_U             | -    | -    |        | property_input_2_5  | fifo    | srl  | 0       |
|    property_input_2_6_U             | -    | -    |        | property_input_2_6  | fifo    | srl  | 0       |
|    property_input_2_7_U             | -    | -    |        | property_input_2_7  | fifo    | srl  | 0       |
|    property_input_2_8_U             | -    | -    |        | property_input_2_8  | fifo    | srl  | 0       |
|    property_input_2_9_U             | -    | -    |        | property_input_2_9  | fifo    | srl  | 0       |
|    property_input_2_10_U            | -    | -    |        | property_input_2_10 | fifo    | srl  | 0       |
|    property_input_2_11_U            | -    | -    |        | property_input_2_11 | fifo    | srl  | 0       |
|    property_input_2_12_U            | -    | -    |        | property_input_2_12 | fifo    | srl  | 0       |
|    property_input_2_13_U            | -    | -    |        | property_input_2_13 | fifo    | srl  | 0       |
|    property_input_2_14_U            | -    | -    |        | property_input_2_14 | fifo    | srl  | 0       |
|    property_input_2_15_U            | -    | -    |        | property_input_2_15 | fifo    | srl  | 0       |
|    property_input_2_16_U            | -    | -    |        | property_input_2_16 | fifo    | srl  | 0       |
|    property_input_2_17_U            | -    | -    |        | property_input_2_17 | fifo    | srl  | 0       |
|    property_input_2_18_U            | -    | -    |        | property_input_2_18 | fifo    | srl  | 0       |
|    property_input_2_19_U            | -    | -    |        | property_input_2_19 | fifo    | srl  | 0       |
|    property_input_2_20_U            | -    | -    |        | property_input_2_20 | fifo    | srl  | 0       |
|    property_input_2_21_U            | -    | -    |        | property_input_2_21 | fifo    | srl  | 0       |
|    property_input_2_22_U            | -    | -    |        | property_input_2_22 | fifo    | srl  | 0       |
|    property_input_2_23_U            | -    | -    |        | property_input_2_23 | fifo    | srl  | 0       |
|    property_input_2_24_U            | -    | -    |        | property_input_2_24 | fifo    | srl  | 0       |
|    property_input_2_25_U            | -    | -    |        | property_input_2_25 | fifo    | srl  | 0       |
|    property_input_2_26_U            | -    | -    |        | property_input_2_26 | fifo    | srl  | 0       |
|    property_input_2_27_U            | -    | -    |        | property_input_2_27 | fifo    | srl  | 0       |
|    property_input_2_28_U            | -    | -    |        | property_input_2_28 | fifo    | srl  | 0       |
|    property_input_2_29_U            | -    | -    |        | property_input_2_29 | fifo    | srl  | 0       |
|    property_input_2_30_U            | -    | -    |        | property_input_2_30 | fifo    | srl  | 0       |
|    property_input_2_31_U            | -    | -    |        | property_input_2_31 | fifo    | srl  | 0       |
|    property_input_3_0_U             | -    | -    |        | property_input_3_0  | fifo    | srl  | 0       |
|    property_input_3_1_U             | -    | -    |        | property_input_3_1  | fifo    | srl  | 0       |
|    property_input_3_2_U             | -    | -    |        | property_input_3_2  | fifo    | srl  | 0       |
|    property_input_3_3_U             | -    | -    |        | property_input_3_3  | fifo    | srl  | 0       |
|    property_input_3_4_U             | -    | -    |        | property_input_3_4  | fifo    | srl  | 0       |
|    property_input_3_5_U             | -    | -    |        | property_input_3_5  | fifo    | srl  | 0       |
|    property_input_3_6_U             | -    | -    |        | property_input_3_6  | fifo    | srl  | 0       |
|    property_input_3_7_U             | -    | -    |        | property_input_3_7  | fifo    | srl  | 0       |
|    property_input_3_8_U             | -    | -    |        | property_input_3_8  | fifo    | srl  | 0       |
|    property_input_3_9_U             | -    | -    |        | property_input_3_9  | fifo    | srl  | 0       |
|    property_input_3_10_U            | -    | -    |        | property_input_3_10 | fifo    | srl  | 0       |
|    property_input_3_11_U            | -    | -    |        | property_input_3_11 | fifo    | srl  | 0       |
|    property_input_3_12_U            | -    | -    |        | property_input_3_12 | fifo    | srl  | 0       |
|    property_input_3_13_U            | -    | -    |        | property_input_3_13 | fifo    | srl  | 0       |
|    property_input_3_14_U            | -    | -    |        | property_input_3_14 | fifo    | srl  | 0       |
|    property_input_3_15_U            | -    | -    |        | property_input_3_15 | fifo    | srl  | 0       |
|    property_input_3_16_U            | -    | -    |        | property_input_3_16 | fifo    | srl  | 0       |
|    property_input_3_17_U            | -    | -    |        | property_input_3_17 | fifo    | srl  | 0       |
|    property_input_3_18_U            | -    | -    |        | property_input_3_18 | fifo    | srl  | 0       |
|    property_input_3_19_U            | -    | -    |        | property_input_3_19 | fifo    | srl  | 0       |
|    property_input_3_20_U            | -    | -    |        | property_input_3_20 | fifo    | srl  | 0       |
|    property_input_3_21_U            | -    | -    |        | property_input_3_21 | fifo    | srl  | 0       |
|    property_input_3_22_U            | -    | -    |        | property_input_3_22 | fifo    | srl  | 0       |
|    property_input_3_23_U            | -    | -    |        | property_input_3_23 | fifo    | srl  | 0       |
|    property_input_3_24_U            | -    | -    |        | property_input_3_24 | fifo    | srl  | 0       |
|    property_input_3_25_U            | -    | -    |        | property_input_3_25 | fifo    | srl  | 0       |
|    property_input_3_26_U            | -    | -    |        | property_input_3_26 | fifo    | srl  | 0       |
|    property_input_3_27_U            | -    | -    |        | property_input_3_27 | fifo    | srl  | 0       |
|    property_input_3_28_U            | -    | -    |        | property_input_3_28 | fifo    | srl  | 0       |
|    property_input_3_29_U            | -    | -    |        | property_input_3_29 | fifo    | srl  | 0       |
|    property_input_3_30_U            | -    | -    |        | property_input_3_30 | fifo    | srl  | 0       |
|    property_input_3_31_U            | -    | -    |        | property_input_3_31 | fifo    | srl  | 0       |
|    weight_input_0_0_U               | -    | -    |        | weight_input_0_0    | fifo    | srl  | 0       |
|    weight_input_0_1_U               | -    | -    |        | weight_input_0_1    | fifo    | srl  | 0       |
|    weight_input_0_2_U               | -    | -    |        | weight_input_0_2    | fifo    | srl  | 0       |
|    weight_input_0_3_U               | -    | -    |        | weight_input_0_3    | fifo    | srl  | 0       |
|    weight_input_0_4_U               | -    | -    |        | weight_input_0_4    | fifo    | srl  | 0       |
|    weight_input_0_5_U               | -    | -    |        | weight_input_0_5    | fifo    | srl  | 0       |
|    weight_input_0_6_U               | -    | -    |        | weight_input_0_6    | fifo    | srl  | 0       |
|    weight_input_0_7_U               | -    | -    |        | weight_input_0_7    | fifo    | srl  | 0       |
|    weight_input_0_8_U               | -    | -    |        | weight_input_0_8    | fifo    | srl  | 0       |
|    weight_input_0_9_U               | -    | -    |        | weight_input_0_9    | fifo    | srl  | 0       |
|    weight_input_0_10_U              | -    | -    |        | weight_input_0_10   | fifo    | srl  | 0       |
|    weight_input_0_11_U              | -    | -    |        | weight_input_0_11   | fifo    | srl  | 0       |
|    weight_input_0_12_U              | -    | -    |        | weight_input_0_12   | fifo    | srl  | 0       |
|    weight_input_0_13_U              | -    | -    |        | weight_input_0_13   | fifo    | srl  | 0       |
|    weight_input_0_14_U              | -    | -    |        | weight_input_0_14   | fifo    | srl  | 0       |
|    weight_input_0_15_U              | -    | -    |        | weight_input_0_15   | fifo    | srl  | 0       |
|    weight_input_0_16_U              | -    | -    |        | weight_input_0_16   | fifo    | srl  | 0       |
|    weight_input_0_17_U              | -    | -    |        | weight_input_0_17   | fifo    | srl  | 0       |
|    weight_input_0_18_U              | -    | -    |        | weight_input_0_18   | fifo    | srl  | 0       |
|    weight_input_0_19_U              | -    | -    |        | weight_input_0_19   | fifo    | srl  | 0       |
|    weight_input_0_20_U              | -    | -    |        | weight_input_0_20   | fifo    | srl  | 0       |
|    weight_input_0_21_U              | -    | -    |        | weight_input_0_21   | fifo    | srl  | 0       |
|    weight_input_0_22_U              | -    | -    |        | weight_input_0_22   | fifo    | srl  | 0       |
|    weight_input_0_23_U              | -    | -    |        | weight_input_0_23   | fifo    | srl  | 0       |
|    weight_input_0_24_U              | -    | -    |        | weight_input_0_24   | fifo    | srl  | 0       |
|    weight_input_0_25_U              | -    | -    |        | weight_input_0_25   | fifo    | srl  | 0       |
|    weight_input_0_26_U              | -    | -    |        | weight_input_0_26   | fifo    | srl  | 0       |
|    weight_input_0_27_U              | -    | -    |        | weight_input_0_27   | fifo    | srl  | 0       |
|    weight_input_0_28_U              | -    | -    |        | weight_input_0_28   | fifo    | srl  | 0       |
|    weight_input_0_29_U              | -    | -    |        | weight_input_0_29   | fifo    | srl  | 0       |
|    weight_input_0_30_U              | -    | -    |        | weight_input_0_30   | fifo    | srl  | 0       |
|    weight_input_0_31_U              | -    | -    |        | weight_input_0_31   | fifo    | srl  | 0       |
|    weight_input_1_0_U               | -    | -    |        | weight_input_1_0    | fifo    | srl  | 0       |
|    weight_input_1_1_U               | -    | -    |        | weight_input_1_1    | fifo    | srl  | 0       |
|    weight_input_1_2_U               | -    | -    |        | weight_input_1_2    | fifo    | srl  | 0       |
|    weight_input_1_3_U               | -    | -    |        | weight_input_1_3    | fifo    | srl  | 0       |
|    weight_input_1_4_U               | -    | -    |        | weight_input_1_4    | fifo    | srl  | 0       |
|    weight_input_1_5_U               | -    | -    |        | weight_input_1_5    | fifo    | srl  | 0       |
|    weight_input_1_6_U               | -    | -    |        | weight_input_1_6    | fifo    | srl  | 0       |
|    weight_input_1_7_U               | -    | -    |        | weight_input_1_7    | fifo    | srl  | 0       |
|    weight_input_1_8_U               | -    | -    |        | weight_input_1_8    | fifo    | srl  | 0       |
|    weight_input_1_9_U               | -    | -    |        | weight_input_1_9    | fifo    | srl  | 0       |
|    weight_input_1_10_U              | -    | -    |        | weight_input_1_10   | fifo    | srl  | 0       |
|    weight_input_1_11_U              | -    | -    |        | weight_input_1_11   | fifo    | srl  | 0       |
|    weight_input_1_12_U              | -    | -    |        | weight_input_1_12   | fifo    | srl  | 0       |
|    weight_input_1_13_U              | -    | -    |        | weight_input_1_13   | fifo    | srl  | 0       |
|    weight_input_1_14_U              | -    | -    |        | weight_input_1_14   | fifo    | srl  | 0       |
|    weight_input_1_15_U              | -    | -    |        | weight_input_1_15   | fifo    | srl  | 0       |
|    weight_input_1_16_U              | -    | -    |        | weight_input_1_16   | fifo    | srl  | 0       |
|    weight_input_1_17_U              | -    | -    |        | weight_input_1_17   | fifo    | srl  | 0       |
|    weight_input_1_18_U              | -    | -    |        | weight_input_1_18   | fifo    | srl  | 0       |
|    weight_input_1_19_U              | -    | -    |        | weight_input_1_19   | fifo    | srl  | 0       |
|    weight_input_1_20_U              | -    | -    |        | weight_input_1_20   | fifo    | srl  | 0       |
|    weight_input_1_21_U              | -    | -    |        | weight_input_1_21   | fifo    | srl  | 0       |
|    weight_input_1_22_U              | -    | -    |        | weight_input_1_22   | fifo    | srl  | 0       |
|    weight_input_1_23_U              | -    | -    |        | weight_input_1_23   | fifo    | srl  | 0       |
|    weight_input_1_24_U              | -    | -    |        | weight_input_1_24   | fifo    | srl  | 0       |
|    weight_input_1_25_U              | -    | -    |        | weight_input_1_25   | fifo    | srl  | 0       |
|    weight_input_1_26_U              | -    | -    |        | weight_input_1_26   | fifo    | srl  | 0       |
|    weight_input_1_27_U              | -    | -    |        | weight_input_1_27   | fifo    | srl  | 0       |
|    weight_input_1_28_U              | -    | -    |        | weight_input_1_28   | fifo    | srl  | 0       |
|    weight_input_1_29_U              | -    | -    |        | weight_input_1_29   | fifo    | srl  | 0       |
|    weight_input_1_30_U              | -    | -    |        | weight_input_1_30   | fifo    | srl  | 0       |
|    weight_input_1_31_U              | -    | -    |        | weight_input_1_31   | fifo    | srl  | 0       |
|    weight_input_2_0_U               | -    | -    |        | weight_input_2_0    | fifo    | srl  | 0       |
|    weight_input_2_1_U               | -    | -    |        | weight_input_2_1    | fifo    | srl  | 0       |
|    weight_input_2_2_U               | -    | -    |        | weight_input_2_2    | fifo    | srl  | 0       |
|    weight_input_2_3_U               | -    | -    |        | weight_input_2_3    | fifo    | srl  | 0       |
|    weight_input_2_4_U               | -    | -    |        | weight_input_2_4    | fifo    | srl  | 0       |
|    weight_input_2_5_U               | -    | -    |        | weight_input_2_5    | fifo    | srl  | 0       |
|    weight_input_2_6_U               | -    | -    |        | weight_input_2_6    | fifo    | srl  | 0       |
|    weight_input_2_7_U               | -    | -    |        | weight_input_2_7    | fifo    | srl  | 0       |
|    weight_input_2_8_U               | -    | -    |        | weight_input_2_8    | fifo    | srl  | 0       |
|    weight_input_2_9_U               | -    | -    |        | weight_input_2_9    | fifo    | srl  | 0       |
|    weight_input_2_10_U              | -    | -    |        | weight_input_2_10   | fifo    | srl  | 0       |
|    weight_input_2_11_U              | -    | -    |        | weight_input_2_11   | fifo    | srl  | 0       |
|    weight_input_2_12_U              | -    | -    |        | weight_input_2_12   | fifo    | srl  | 0       |
|    weight_input_2_13_U              | -    | -    |        | weight_input_2_13   | fifo    | srl  | 0       |
|    weight_input_2_14_U              | -    | -    |        | weight_input_2_14   | fifo    | srl  | 0       |
|    weight_input_2_15_U              | -    | -    |        | weight_input_2_15   | fifo    | srl  | 0       |
|    weight_input_2_16_U              | -    | -    |        | weight_input_2_16   | fifo    | srl  | 0       |
|    weight_input_2_17_U              | -    | -    |        | weight_input_2_17   | fifo    | srl  | 0       |
|    weight_input_2_18_U              | -    | -    |        | weight_input_2_18   | fifo    | srl  | 0       |
|    weight_input_2_19_U              | -    | -    |        | weight_input_2_19   | fifo    | srl  | 0       |
|    weight_input_2_20_U              | -    | -    |        | weight_input_2_20   | fifo    | srl  | 0       |
|    weight_input_2_21_U              | -    | -    |        | weight_input_2_21   | fifo    | srl  | 0       |
|    weight_input_2_22_U              | -    | -    |        | weight_input_2_22   | fifo    | srl  | 0       |
|    weight_input_2_23_U              | -    | -    |        | weight_input_2_23   | fifo    | srl  | 0       |
|    weight_input_2_24_U              | -    | -    |        | weight_input_2_24   | fifo    | srl  | 0       |
|    weight_input_2_25_U              | -    | -    |        | weight_input_2_25   | fifo    | srl  | 0       |
|    weight_input_2_26_U              | -    | -    |        | weight_input_2_26   | fifo    | srl  | 0       |
|    weight_input_2_27_U              | -    | -    |        | weight_input_2_27   | fifo    | srl  | 0       |
|    weight_input_2_28_U              | -    | -    |        | weight_input_2_28   | fifo    | srl  | 0       |
|    weight_input_2_29_U              | -    | -    |        | weight_input_2_29   | fifo    | srl  | 0       |
|    weight_input_2_30_U              | -    | -    |        | weight_input_2_30   | fifo    | srl  | 0       |
|    weight_input_2_31_U              | -    | -    |        | weight_input_2_31   | fifo    | srl  | 0       |
|    weight_input_3_0_U               | -    | -    |        | weight_input_3_0    | fifo    | srl  | 0       |
|    weight_input_3_1_U               | -    | -    |        | weight_input_3_1    | fifo    | srl  | 0       |
|    weight_input_3_2_U               | -    | -    |        | weight_input_3_2    | fifo    | srl  | 0       |
|    weight_input_3_3_U               | -    | -    |        | weight_input_3_3    | fifo    | srl  | 0       |
|    weight_input_3_4_U               | -    | -    |        | weight_input_3_4    | fifo    | srl  | 0       |
|    weight_input_3_5_U               | -    | -    |        | weight_input_3_5    | fifo    | srl  | 0       |
|    weight_input_3_6_U               | -    | -    |        | weight_input_3_6    | fifo    | srl  | 0       |
|    weight_input_3_7_U               | -    | -    |        | weight_input_3_7    | fifo    | srl  | 0       |
|    weight_input_3_8_U               | -    | -    |        | weight_input_3_8    | fifo    | srl  | 0       |
|    weight_input_3_9_U               | -    | -    |        | weight_input_3_9    | fifo    | srl  | 0       |
|    weight_input_3_10_U              | -    | -    |        | weight_input_3_10   | fifo    | srl  | 0       |
|    weight_input_3_11_U              | -    | -    |        | weight_input_3_11   | fifo    | srl  | 0       |
|    weight_input_3_12_U              | -    | -    |        | weight_input_3_12   | fifo    | srl  | 0       |
|    weight_input_3_13_U              | -    | -    |        | weight_input_3_13   | fifo    | srl  | 0       |
|    weight_input_3_14_U              | -    | -    |        | weight_input_3_14   | fifo    | srl  | 0       |
|    weight_input_3_15_U              | -    | -    |        | weight_input_3_15   | fifo    | srl  | 0       |
|    weight_input_3_16_U              | -    | -    |        | weight_input_3_16   | fifo    | srl  | 0       |
|    weight_input_3_17_U              | -    | -    |        | weight_input_3_17   | fifo    | srl  | 0       |
|    weight_input_3_18_U              | -    | -    |        | weight_input_3_18   | fifo    | srl  | 0       |
|    weight_input_3_19_U              | -    | -    |        | weight_input_3_19   | fifo    | srl  | 0       |
|    weight_input_3_20_U              | -    | -    |        | weight_input_3_20   | fifo    | srl  | 0       |
|    weight_input_3_21_U              | -    | -    |        | weight_input_3_21   | fifo    | srl  | 0       |
|    weight_input_3_22_U              | -    | -    |        | weight_input_3_22   | fifo    | srl  | 0       |
|    weight_input_3_23_U              | -    | -    |        | weight_input_3_23   | fifo    | srl  | 0       |
|    weight_input_3_24_U              | -    | -    |        | weight_input_3_24   | fifo    | srl  | 0       |
|    weight_input_3_25_U              | -    | -    |        | weight_input_3_25   | fifo    | srl  | 0       |
|    weight_input_3_26_U              | -    | -    |        | weight_input_3_26   | fifo    | srl  | 0       |
|    weight_input_3_27_U              | -    | -    |        | weight_input_3_27   | fifo    | srl  | 0       |
|    weight_input_3_28_U              | -    | -    |        | weight_input_3_28   | fifo    | srl  | 0       |
|    weight_input_3_29_U              | -    | -    |        | weight_input_3_29   | fifo    | srl  | 0       |
|    weight_input_3_30_U              | -    | -    |        | weight_input_3_30   | fifo    | srl  | 0       |
|    weight_input_3_31_U              | -    | -    |        | weight_input_3_31   | fifo    | srl  | 0       |
|    output_0_0_U                     | -    | -    |        | output_0_0          | fifo    | srl  | 0       |
|    output_0_1_U                     | -    | -    |        | output_0_1          | fifo    | srl  | 0       |
|    output_0_2_U                     | -    | -    |        | output_0_2          | fifo    | srl  | 0       |
|    output_0_3_U                     | -    | -    |        | output_0_3          | fifo    | srl  | 0       |
|    output_0_4_U                     | -    | -    |        | output_0_4          | fifo    | srl  | 0       |
|    output_0_5_U                     | -    | -    |        | output_0_5          | fifo    | srl  | 0       |
|    output_0_6_U                     | -    | -    |        | output_0_6          | fifo    | srl  | 0       |
|    output_0_7_U                     | -    | -    |        | output_0_7          | fifo    | srl  | 0       |
|    output_0_8_U                     | -    | -    |        | output_0_8          | fifo    | srl  | 0       |
|    output_0_9_U                     | -    | -    |        | output_0_9          | fifo    | srl  | 0       |
|    output_0_10_U                    | -    | -    |        | output_0_10         | fifo    | srl  | 0       |
|    output_0_11_U                    | -    | -    |        | output_0_11         | fifo    | srl  | 0       |
|    output_0_12_U                    | -    | -    |        | output_0_12         | fifo    | srl  | 0       |
|    output_0_13_U                    | -    | -    |        | output_0_13         | fifo    | srl  | 0       |
|    output_0_14_U                    | -    | -    |        | output_0_14         | fifo    | srl  | 0       |
|    output_0_15_U                    | -    | -    |        | output_0_15         | fifo    | srl  | 0       |
|    output_0_16_U                    | -    | -    |        | output_0_16         | fifo    | srl  | 0       |
|    output_0_17_U                    | -    | -    |        | output_0_17         | fifo    | srl  | 0       |
|    output_0_18_U                    | -    | -    |        | output_0_18         | fifo    | srl  | 0       |
|    output_0_19_U                    | -    | -    |        | output_0_19         | fifo    | srl  | 0       |
|    output_0_20_U                    | -    | -    |        | output_0_20         | fifo    | srl  | 0       |
|    output_0_21_U                    | -    | -    |        | output_0_21         | fifo    | srl  | 0       |
|    output_0_22_U                    | -    | -    |        | output_0_22         | fifo    | srl  | 0       |
|    output_0_23_U                    | -    | -    |        | output_0_23         | fifo    | srl  | 0       |
|    output_0_24_U                    | -    | -    |        | output_0_24         | fifo    | srl  | 0       |
|    output_0_25_U                    | -    | -    |        | output_0_25         | fifo    | srl  | 0       |
|    output_0_26_U                    | -    | -    |        | output_0_26         | fifo    | srl  | 0       |
|    output_0_27_U                    | -    | -    |        | output_0_27         | fifo    | srl  | 0       |
|    output_0_28_U                    | -    | -    |        | output_0_28         | fifo    | srl  | 0       |
|    output_0_29_U                    | -    | -    |        | output_0_29         | fifo    | srl  | 0       |
|    output_0_30_U                    | -    | -    |        | output_0_30         | fifo    | srl  | 0       |
|    output_0_31_U                    | -    | -    |        | output_0_31         | fifo    | srl  | 0       |
|    output_1_0_U                     | -    | -    |        | output_1_0          | fifo    | srl  | 0       |
|    output_1_1_U                     | -    | -    |        | output_1_1          | fifo    | srl  | 0       |
|    output_1_2_U                     | -    | -    |        | output_1_2          | fifo    | srl  | 0       |
|    output_1_3_U                     | -    | -    |        | output_1_3          | fifo    | srl  | 0       |
|    output_1_4_U                     | -    | -    |        | output_1_4          | fifo    | srl  | 0       |
|    output_1_5_U                     | -    | -    |        | output_1_5          | fifo    | srl  | 0       |
|    output_1_6_U                     | -    | -    |        | output_1_6          | fifo    | srl  | 0       |
|    output_1_7_U                     | -    | -    |        | output_1_7          | fifo    | srl  | 0       |
|    output_1_8_U                     | -    | -    |        | output_1_8          | fifo    | srl  | 0       |
|    output_1_9_U                     | -    | -    |        | output_1_9          | fifo    | srl  | 0       |
|    output_1_10_U                    | -    | -    |        | output_1_10         | fifo    | srl  | 0       |
|    output_1_11_U                    | -    | -    |        | output_1_11         | fifo    | srl  | 0       |
|    output_1_12_U                    | -    | -    |        | output_1_12         | fifo    | srl  | 0       |
|    output_1_13_U                    | -    | -    |        | output_1_13         | fifo    | srl  | 0       |
|    output_1_14_U                    | -    | -    |        | output_1_14         | fifo    | srl  | 0       |
|    output_1_15_U                    | -    | -    |        | output_1_15         | fifo    | srl  | 0       |
|    output_1_16_U                    | -    | -    |        | output_1_16         | fifo    | srl  | 0       |
|    output_1_17_U                    | -    | -    |        | output_1_17         | fifo    | srl  | 0       |
|    output_1_18_U                    | -    | -    |        | output_1_18         | fifo    | srl  | 0       |
|    output_1_19_U                    | -    | -    |        | output_1_19         | fifo    | srl  | 0       |
|    output_1_20_U                    | -    | -    |        | output_1_20         | fifo    | srl  | 0       |
|    output_1_21_U                    | -    | -    |        | output_1_21         | fifo    | srl  | 0       |
|    output_1_22_U                    | -    | -    |        | output_1_22         | fifo    | srl  | 0       |
|    output_1_23_U                    | -    | -    |        | output_1_23         | fifo    | srl  | 0       |
|    output_1_24_U                    | -    | -    |        | output_1_24         | fifo    | srl  | 0       |
|    output_1_25_U                    | -    | -    |        | output_1_25         | fifo    | srl  | 0       |
|    output_1_26_U                    | -    | -    |        | output_1_26         | fifo    | srl  | 0       |
|    output_1_27_U                    | -    | -    |        | output_1_27         | fifo    | srl  | 0       |
|    output_1_28_U                    | -    | -    |        | output_1_28         | fifo    | srl  | 0       |
|    output_1_29_U                    | -    | -    |        | output_1_29         | fifo    | srl  | 0       |
|    output_1_30_U                    | -    | -    |        | output_1_30         | fifo    | srl  | 0       |
|    output_1_31_U                    | -    | -    |        | output_1_31         | fifo    | srl  | 0       |
|    output_2_0_U                     | -    | -    |        | output_2_0          | fifo    | srl  | 0       |
|    output_2_1_U                     | -    | -    |        | output_2_1          | fifo    | srl  | 0       |
|    output_2_2_U                     | -    | -    |        | output_2_2          | fifo    | srl  | 0       |
|    output_2_3_U                     | -    | -    |        | output_2_3          | fifo    | srl  | 0       |
|    output_2_4_U                     | -    | -    |        | output_2_4          | fifo    | srl  | 0       |
|    output_2_5_U                     | -    | -    |        | output_2_5          | fifo    | srl  | 0       |
|    output_2_6_U                     | -    | -    |        | output_2_6          | fifo    | srl  | 0       |
|    output_2_7_U                     | -    | -    |        | output_2_7          | fifo    | srl  | 0       |
|    output_2_8_U                     | -    | -    |        | output_2_8          | fifo    | srl  | 0       |
|    output_2_9_U                     | -    | -    |        | output_2_9          | fifo    | srl  | 0       |
|    output_2_10_U                    | -    | -    |        | output_2_10         | fifo    | srl  | 0       |
|    output_2_11_U                    | -    | -    |        | output_2_11         | fifo    | srl  | 0       |
|    output_2_12_U                    | -    | -    |        | output_2_12         | fifo    | srl  | 0       |
|    output_2_13_U                    | -    | -    |        | output_2_13         | fifo    | srl  | 0       |
|    output_2_14_U                    | -    | -    |        | output_2_14         | fifo    | srl  | 0       |
|    output_2_15_U                    | -    | -    |        | output_2_15         | fifo    | srl  | 0       |
|    output_2_16_U                    | -    | -    |        | output_2_16         | fifo    | srl  | 0       |
|    output_2_17_U                    | -    | -    |        | output_2_17         | fifo    | srl  | 0       |
|    output_2_18_U                    | -    | -    |        | output_2_18         | fifo    | srl  | 0       |
|    output_2_19_U                    | -    | -    |        | output_2_19         | fifo    | srl  | 0       |
|    output_2_20_U                    | -    | -    |        | output_2_20         | fifo    | srl  | 0       |
|    output_2_21_U                    | -    | -    |        | output_2_21         | fifo    | srl  | 0       |
|    output_2_22_U                    | -    | -    |        | output_2_22         | fifo    | srl  | 0       |
|    output_2_23_U                    | -    | -    |        | output_2_23         | fifo    | srl  | 0       |
|    output_2_24_U                    | -    | -    |        | output_2_24         | fifo    | srl  | 0       |
|    output_2_25_U                    | -    | -    |        | output_2_25         | fifo    | srl  | 0       |
|    output_2_26_U                    | -    | -    |        | output_2_26         | fifo    | srl  | 0       |
|    output_2_27_U                    | -    | -    |        | output_2_27         | fifo    | srl  | 0       |
|    output_2_28_U                    | -    | -    |        | output_2_28         | fifo    | srl  | 0       |
|    output_2_29_U                    | -    | -    |        | output_2_29         | fifo    | srl  | 0       |
|    output_2_30_U                    | -    | -    |        | output_2_30         | fifo    | srl  | 0       |
|    output_2_31_U                    | -    | -    |        | output_2_31         | fifo    | srl  | 0       |
|    output_3_0_U                     | -    | -    |        | output_3_0          | fifo    | srl  | 0       |
|    output_3_1_U                     | -    | -    |        | output_3_1          | fifo    | srl  | 0       |
|    output_3_2_U                     | -    | -    |        | output_3_2          | fifo    | srl  | 0       |
|    output_3_3_U                     | -    | -    |        | output_3_3          | fifo    | srl  | 0       |
|    output_3_4_U                     | -    | -    |        | output_3_4          | fifo    | srl  | 0       |
|    output_3_5_U                     | -    | -    |        | output_3_5          | fifo    | srl  | 0       |
|    output_3_6_U                     | -    | -    |        | output_3_6          | fifo    | srl  | 0       |
|    output_3_7_U                     | -    | -    |        | output_3_7          | fifo    | srl  | 0       |
|    output_3_8_U                     | -    | -    |        | output_3_8          | fifo    | srl  | 0       |
|    output_3_9_U                     | -    | -    |        | output_3_9          | fifo    | srl  | 0       |
|    output_3_10_U                    | -    | -    |        | output_3_10         | fifo    | srl  | 0       |
|    output_3_11_U                    | -    | -    |        | output_3_11         | fifo    | srl  | 0       |
|    output_3_12_U                    | -    | -    |        | output_3_12         | fifo    | srl  | 0       |
|    output_3_13_U                    | -    | -    |        | output_3_13         | fifo    | srl  | 0       |
|    output_3_14_U                    | -    | -    |        | output_3_14         | fifo    | srl  | 0       |
|    output_3_15_U                    | -    | -    |        | output_3_15         | fifo    | srl  | 0       |
|    output_3_16_U                    | -    | -    |        | output_3_16         | fifo    | srl  | 0       |
|    output_3_17_U                    | -    | -    |        | output_3_17         | fifo    | srl  | 0       |
|    output_3_18_U                    | -    | -    |        | output_3_18         | fifo    | srl  | 0       |
|    output_3_19_U                    | -    | -    |        | output_3_19         | fifo    | srl  | 0       |
|    output_3_20_U                    | -    | -    |        | output_3_20         | fifo    | srl  | 0       |
|    output_3_21_U                    | -    | -    |        | output_3_21         | fifo    | srl  | 0       |
|    output_3_22_U                    | -    | -    |        | output_3_22         | fifo    | srl  | 0       |
|    output_3_23_U                    | -    | -    |        | output_3_23         | fifo    | srl  | 0       |
|    output_3_24_U                    | -    | -    |        | output_3_24         | fifo    | srl  | 0       |
|    output_3_25_U                    | -    | -    |        | output_3_25         | fifo    | srl  | 0       |
|    output_3_26_U                    | -    | -    |        | output_3_26         | fifo    | srl  | 0       |
|    output_3_27_U                    | -    | -    |        | output_3_27         | fifo    | srl  | 0       |
|    output_3_28_U                    | -    | -    |        | output_3_28         | fifo    | srl  | 0       |
|    output_3_29_U                    | -    | -    |        | output_3_29         | fifo    | srl  | 0       |
|    output_3_30_U                    | -    | -    |        | output_3_30         | fifo    | srl  | 0       |
|    output_3_31_U                    | -    | -    |        | output_3_31         | fifo    | srl  | 0       |
|   + rerArray_Loop_input_batch_proc3 | 1    | 0    |        |                     |         |      |         |
|     buff_U                          | 1    | -    |        | buff                | ram_1p  | auto | 1       |
+-------------------------------------+------+------+--------+---------------------+---------+------+---------+


================================================================
== Pragma Report
================================================================
* Pragmas with Warnings
+----------+---------+----------------------------------------------+------------------------------------------------------------------------------------------------------------------------------------------------------------------------------------+
| Type     | Options | Location                                     | Messages                                                                                                                                                                           |
+----------+---------+----------------------------------------------+------------------------------------------------------------------------------------------------------------------------------------------------------------------------------------+
| dataflow |         | cgcn/solution1/directives.tcl:12 in rerarray | Since the only kind of statements allowed in a canonical dataflow region are variable declarations and function calls, the compiler may not be able to correctly handle the region |
+----------+---------+----------------------------------------------+------------------------------------------------------------------------------------------------------------------------------------------------------------------------------------+

* Valid Pragma Syntax
+----------------+---------+----------------------------------------+
| Type           | Options | Location                               |
+----------------+---------+----------------------------------------+
| loop_tripcount | max=32  | cgcn/solution1/directives.tcl:13 in pe |
+----------------+---------+----------------------------------------+


