

================================================================
== Vitis HLS Report for 'rerArray_Loop_compute_col_proc2_Pipeline_PE_Compute3'
================================================================
* Date:           Sun Oct 30 17:39:12 2022

* Version:        2022.1 (Build 3526262 on Mon Apr 18 15:47:01 MDT 2022)
* Project:        test2
* Solution:       solution2 (Vivado IP Flow Target)
* Product family: zynq
* Target device:  xc7z010-clg400-2


================================================================
== Performance Estimates
================================================================
+ Timing: 
    * Summary: 
    +--------+----------+----------+------------+
    |  Clock |  Target  | Estimated| Uncertainty|
    +--------+----------+----------+------------+
    |ap_clk  |  10.00 ns|  7.050 ns|     2.70 ns|
    +--------+----------+----------+------------+

+ Latency: 
    * Summary: 
    +---------+---------+-----------+----------+-----+-----+---------+
    |  Latency (cycles) |  Latency (absolute)  |  Interval | Pipeline|
    |   min   |   max   |    min    |    max   | min | max |   Type  |
    +---------+---------+-----------+----------+-----+-----+---------+
    |        2|       36|  20.000 ns|  0.360 us|    2|   36|       no|
    +---------+---------+-----------+----------+-----+-----+---------+

    + Detail: 
        * Instance: 
        N/A

        * Loop: 
        +--------------+---------+---------+----------+-----------+-----------+--------+----------+
        |              |  Latency (cycles) | Iteration|  Initiation Interval  |  Trip  |          |
        |   Loop Name  |   min   |   max   |  Latency |  achieved |   target  |  Count | Pipelined|
        +--------------+---------+---------+----------+-----------+-----------+--------+----------+
        |- PE_Compute  |        0|       34|         4|          1|          1|  0 ~ 32|       yes|
        +--------------+---------+---------+----------+-----------+-----------+--------+----------+



================================================================
== Utilization Estimates
================================================================
* Summary: 
+-----------------+---------+----+-------+-------+-----+
|       Name      | BRAM_18K| DSP|   FF  |  LUT  | URAM|
+-----------------+---------+----+-------+-------+-----+
|DSP              |        -|   -|      -|      -|    -|
|Expression       |        -|   -|      0|    112|    -|
|FIFO             |        -|   -|      -|      -|    -|
|Instance         |        -|   3|      0|     21|    -|
|Memory           |        -|   -|      -|      -|    -|
|Multiplexer      |        -|   -|      -|    919|    -|
|Register         |        -|   -|    295|     32|    -|
+-----------------+---------+----+-------+-------+-----+
|Total            |        0|   3|    295|   1084|    0|
+-----------------+---------+----+-------+-------+-----+
|Available        |      120|  80|  35200|  17600|    0|
+-----------------+---------+----+-------+-------+-----+
|Utilization (%)  |        0|   3|     ~0|      6|    0|
+-----------------+---------+----+-------+-------+-----+

+ Detail: 
    * Instance: 
    +-------------------------+--------------------+---------+----+---+----+-----+
    |         Instance        |       Module       | BRAM_18K| DSP| FF| LUT| URAM|
    +-------------------------+--------------------+---------+----+---+----+-----+
    |mul_32s_32s_32_1_1_U212  |mul_32s_32s_32_1_1  |        0|   3|  0|  21|    0|
    +-------------------------+--------------------+---------+----+---+----+-----+
    |Total                    |                    |        0|   3|  0|  21|    0|
    +-------------------------+--------------------+---------+----+---+----+-----+

    * DSP: 
    N/A

    * Memory: 
    N/A

    * FIFO: 
    N/A

    * Expression: 
    +----------------------------------+----------+----+---+----+------------+------------+
    |           Variable Name          | Operation| DSP| FF| LUT| Bitwidth P0| Bitwidth P1|
    +----------------------------------+----------+----+---+----+------------+------------+
    |i_7_fu_808_p2                     |         +|   0|  0|  31|          31|           1|
    |sum_1_fu_828_p2                   |         +|   0|  0|  32|          32|          32|
    |ap_block_pp0_stage0_01001         |       and|   0|  0|   1|           1|           1|
    |ap_condition_1215                 |       and|   0|  0|   1|           1|           1|
    |ap_predicate_op100_read_state2    |       and|   0|  0|   1|           1|           1|
    |ap_predicate_op103_read_state2    |       and|   0|  0|   1|           1|           1|
    |ap_predicate_op106_read_state2    |       and|   0|  0|   1|           1|           1|
    |ap_predicate_op109_read_state2    |       and|   0|  0|   1|           1|           1|
    |ap_predicate_op112_read_state2    |       and|   0|  0|   1|           1|           1|
    |ap_predicate_op115_read_state2    |       and|   0|  0|   1|           1|           1|
    |ap_predicate_op118_read_state2    |       and|   0|  0|   1|           1|           1|
    |ap_predicate_op121_read_state2    |       and|   0|  0|   1|           1|           1|
    |ap_predicate_op124_read_state2    |       and|   0|  0|   1|           1|           1|
    |ap_predicate_op127_read_state2    |       and|   0|  0|   1|           1|           1|
    |ap_predicate_op130_read_state2    |       and|   0|  0|   1|           1|           1|
    |ap_predicate_op133_read_state2    |       and|   0|  0|   1|           1|           1|
    |ap_predicate_op136_read_state2    |       and|   0|  0|   1|           1|           1|
    |ap_predicate_op139_read_state2    |       and|   0|  0|   1|           1|           1|
    |ap_predicate_op142_read_state2    |       and|   0|  0|   1|           1|           1|
    |ap_predicate_op145_read_state2    |       and|   0|  0|   1|           1|           1|
    |ap_predicate_op148_read_state2    |       and|   0|  0|   1|           1|           1|
    |ap_predicate_op151_read_state2    |       and|   0|  0|   1|           1|           1|
    |ap_predicate_op154_read_state2    |       and|   0|  0|   1|           1|           1|
    |ap_predicate_op157_read_state2    |       and|   0|  0|   1|           1|           1|
    |ap_predicate_op160_read_state2    |       and|   0|  0|   1|           1|           1|
    |ap_predicate_op163_read_state2    |       and|   0|  0|   1|           1|           1|
    |ap_predicate_op166_read_state2    |       and|   0|  0|   1|           1|           1|
    |ap_predicate_op169_read_state2    |       and|   0|  0|   1|           1|           1|
    |ap_predicate_op172_read_state2    |       and|   0|  0|   1|           1|           1|
    |ap_predicate_op175_read_state2    |       and|   0|  0|   1|           1|           1|
    |ap_predicate_op178_read_state2    |       and|   0|  0|   1|           1|           1|
    |ap_predicate_op181_read_state2    |       and|   0|  0|   1|           1|           1|
    |ap_predicate_op88_read_state2     |       and|   0|  0|   1|           1|           1|
    |ap_predicate_op91_read_state2     |       and|   0|  0|   1|           1|           1|
    |ap_predicate_op94_read_state2     |       and|   0|  0|   1|           1|           1|
    |ap_predicate_op97_read_state2     |       and|   0|  0|   1|           1|           1|
    |icmp_ln9_fu_802_p2                |      icmp|   0|  0|  12|          32|          32|
    |ap_block_state2_pp0_stage0_iter1  |        or|   0|  0|   1|           1|           1|
    |ap_enable_pp0                     |       xor|   0|  0|   2|           1|           2|
    +----------------------------------+----------+----+---+----+------------+------------+
    |Total                             |          |   0|  0| 112|         131|         102|
    +----------------------------------+----------+----+---+----+------------+------------+

    * Multiplexer: 
    +------------------------------------+-----+-----------+-----+-----------+
    |                Name                | LUT | Input Size| Bits| Total Bits|
    +------------------------------------+-----+-----------+-----+-----------+
    |ap_done_int                         |    9|          2|    1|          2|
    |ap_enable_reg_pp0_iter1             |    9|          2|    1|          2|
    |ap_phi_reg_pp0_iter2_empty_reg_647  |  149|         33|   32|       1056|
    |ap_phi_reg_pp0_iter2_tmp_reg_716    |  149|         33|   32|       1056|
    |ap_sig_allocacmp_i_6_load           |    9|          2|   31|         62|
    |i_6_fu_240                          |    9|          2|   31|         62|
    |property_input_3_0_blk_n            |    9|          2|    1|          2|
    |property_input_3_10_blk_n           |    9|          2|    1|          2|
    |property_input_3_11_blk_n           |    9|          2|    1|          2|
    |property_input_3_12_blk_n           |    9|          2|    1|          2|
    |property_input_3_13_blk_n           |    9|          2|    1|          2|
    |property_input_3_14_blk_n           |    9|          2|    1|          2|
    |property_input_3_15_blk_n           |    9|          2|    1|          2|
    |property_input_3_16_blk_n           |    9|          2|    1|          2|
    |property_input_3_17_blk_n           |    9|          2|    1|          2|
    |property_input_3_18_blk_n           |    9|          2|    1|          2|
    |property_input_3_19_blk_n           |    9|          2|    1|          2|
    |property_input_3_1_blk_n            |    9|          2|    1|          2|
    |property_input_3_20_blk_n           |    9|          2|    1|          2|
    |property_input_3_21_blk_n           |    9|          2|    1|          2|
    |property_input_3_22_blk_n           |    9|          2|    1|          2|
    |property_input_3_23_blk_n           |    9|          2|    1|          2|
    |property_input_3_24_blk_n           |    9|          2|    1|          2|
    |property_input_3_25_blk_n           |    9|          2|    1|          2|
    |property_input_3_26_blk_n           |    9|          2|    1|          2|
    |property_input_3_27_blk_n           |    9|          2|    1|          2|
    |property_input_3_28_blk_n           |    9|          2|    1|          2|
    |property_input_3_29_blk_n           |    9|          2|    1|          2|
    |property_input_3_2_blk_n            |    9|          2|    1|          2|
    |property_input_3_30_blk_n           |    9|          2|    1|          2|
    |property_input_3_31_blk_n           |    9|          2|    1|          2|
    |property_input_3_3_blk_n            |    9|          2|    1|          2|
    |property_input_3_4_blk_n            |    9|          2|    1|          2|
    |property_input_3_5_blk_n            |    9|          2|    1|          2|
    |property_input_3_6_blk_n            |    9|          2|    1|          2|
    |property_input_3_7_blk_n            |    9|          2|    1|          2|
    |property_input_3_8_blk_n            |    9|          2|    1|          2|
    |property_input_3_9_blk_n            |    9|          2|    1|          2|
    |sum_fu_236                          |    9|          2|   32|         64|
    |weight_input_3_0_blk_n              |    9|          2|    1|          2|
    |weight_input_3_10_blk_n             |    9|          2|    1|          2|
    |weight_input_3_11_blk_n             |    9|          2|    1|          2|
    |weight_input_3_12_blk_n             |    9|          2|    1|          2|
    |weight_input_3_13_blk_n             |    9|          2|    1|          2|
    |weight_input_3_14_blk_n             |    9|          2|    1|          2|
    |weight_input_3_15_blk_n             |    9|          2|    1|          2|
    |weight_input_3_16_blk_n             |    9|          2|    1|          2|
    |weight_input_3_17_blk_n             |    9|          2|    1|          2|
    |weight_input_3_18_blk_n             |    9|          2|    1|          2|
    |weight_input_3_19_blk_n             |    9|          2|    1|          2|
    |weight_input_3_1_blk_n              |    9|          2|    1|          2|
    |weight_input_3_20_blk_n             |    9|          2|    1|          2|
    |weight_input_3_21_blk_n             |    9|          2|    1|          2|
    |weight_input_3_22_blk_n             |    9|          2|    1|          2|
    |weight_input_3_23_blk_n             |    9|          2|    1|          2|
    |weight_input_3_24_blk_n             |    9|          2|    1|          2|
    |weight_input_3_25_blk_n             |    9|          2|    1|          2|
    |weight_input_3_26_blk_n             |    9|          2|    1|          2|
    |weight_input_3_27_blk_n             |    9|          2|    1|          2|
    |weight_input_3_28_blk_n             |    9|          2|    1|          2|
    |weight_input_3_29_blk_n             |    9|          2|    1|          2|
    |weight_input_3_2_blk_n              |    9|          2|    1|          2|
    |weight_input_3_30_blk_n             |    9|          2|    1|          2|
    |weight_input_3_31_blk_n             |    9|          2|    1|          2|
    |weight_input_3_3_blk_n              |    9|          2|    1|          2|
    |weight_input_3_4_blk_n              |    9|          2|    1|          2|
    |weight_input_3_5_blk_n              |    9|          2|    1|          2|
    |weight_input_3_6_blk_n              |    9|          2|    1|          2|
    |weight_input_3_7_blk_n              |    9|          2|    1|          2|
    |weight_input_3_8_blk_n              |    9|          2|    1|          2|
    |weight_input_3_9_blk_n              |    9|          2|    1|          2|
    +------------------------------------+-----+-----------+-----+-----------+
    |Total                               |  919|        204|  224|       2432|
    +------------------------------------+-----+-----------+-----+-----------+

    * Register: 
    +------------------------------------+----+----+-----+-----------+
    |                Name                | FF | LUT| Bits| Const Bits|
    +------------------------------------+----+----+-----+-----------+
    |ap_CS_fsm                           |   1|   0|    1|          0|
    |ap_done_reg                         |   1|   0|    1|          0|
    |ap_enable_reg_pp0_iter1             |   1|   0|    1|          0|
    |ap_enable_reg_pp0_iter2             |   1|   0|    1|          0|
    |ap_enable_reg_pp0_iter3             |   1|   0|    1|          0|
    |ap_loop_exit_ready_pp0_iter1_reg    |   1|   0|    1|          0|
    |ap_loop_exit_ready_pp0_iter2_reg    |   1|   0|    1|          0|
    |ap_phi_reg_pp0_iter1_empty_reg_647  |  32|   0|   32|          0|
    |ap_phi_reg_pp0_iter1_tmp_reg_716    |  32|   0|   32|          0|
    |ap_phi_reg_pp0_iter2_empty_reg_647  |  32|   0|   32|          0|
    |ap_phi_reg_pp0_iter2_tmp_reg_716    |  32|   0|   32|          0|
    |i_6_fu_240                          |  31|   0|   31|          0|
    |icmp_ln9_reg_861                    |   1|   0|    1|          0|
    |mul_ln13_reg_1185                   |  32|   0|   32|          0|
    |sum_fu_236                          |  32|   0|   32|          0|
    |icmp_ln9_reg_861                    |  64|  32|    1|          0|
    +------------------------------------+----+----+-----+-----------+
    |Total                               | 295|  32|  232|          0|
    +------------------------------------+----+----+-----+-----------+



================================================================
== Interface
================================================================
* Summary: 
+------------------------------------+-----+-----+------------+------------------------------------------------------+--------------+
|              RTL Ports             | Dir | Bits|  Protocol  |                     Source Object                    |    C Type    |
+------------------------------------+-----+-----+------------+------------------------------------------------------+--------------+
|ap_clk                              |   in|    1|  ap_ctrl_hs|  rerArray_Loop_compute_col_proc2_Pipeline_PE_Compute3|  return value|
|ap_rst                              |   in|    1|  ap_ctrl_hs|  rerArray_Loop_compute_col_proc2_Pipeline_PE_Compute3|  return value|
|ap_start                            |   in|    1|  ap_ctrl_hs|  rerArray_Loop_compute_col_proc2_Pipeline_PE_Compute3|  return value|
|ap_done                             |  out|    1|  ap_ctrl_hs|  rerArray_Loop_compute_col_proc2_Pipeline_PE_Compute3|  return value|
|ap_idle                             |  out|    1|  ap_ctrl_hs|  rerArray_Loop_compute_col_proc2_Pipeline_PE_Compute3|  return value|
|ap_ready                            |  out|    1|  ap_ctrl_hs|  rerArray_Loop_compute_col_proc2_Pipeline_PE_Compute3|  return value|
|property_input_3_30_dout            |   in|   32|     ap_fifo|                                   property_input_3_30|       pointer|
|property_input_3_30_num_data_valid  |   in|    2|     ap_fifo|                                   property_input_3_30|       pointer|
|property_input_3_30_fifo_cap        |   in|    2|     ap_fifo|                                   property_input_3_30|       pointer|
|property_input_3_30_empty_n         |   in|    1|     ap_fifo|                                   property_input_3_30|       pointer|
|property_input_3_30_read            |  out|    1|     ap_fifo|                                   property_input_3_30|       pointer|
|weight_input_3_30_dout              |   in|   32|     ap_fifo|                                     weight_input_3_30|       pointer|
|weight_input_3_30_num_data_valid    |   in|    2|     ap_fifo|                                     weight_input_3_30|       pointer|
|weight_input_3_30_fifo_cap          |   in|    2|     ap_fifo|                                     weight_input_3_30|       pointer|
|weight_input_3_30_empty_n           |   in|    1|     ap_fifo|                                     weight_input_3_30|       pointer|
|weight_input_3_30_read              |  out|    1|     ap_fifo|                                     weight_input_3_30|       pointer|
|property_input_3_29_dout            |   in|   32|     ap_fifo|                                   property_input_3_29|       pointer|
|property_input_3_29_num_data_valid  |   in|    2|     ap_fifo|                                   property_input_3_29|       pointer|
|property_input_3_29_fifo_cap        |   in|    2|     ap_fifo|                                   property_input_3_29|       pointer|
|property_input_3_29_empty_n         |   in|    1|     ap_fifo|                                   property_input_3_29|       pointer|
|property_input_3_29_read            |  out|    1|     ap_fifo|                                   property_input_3_29|       pointer|
|weight_input_3_29_dout              |   in|   32|     ap_fifo|                                     weight_input_3_29|       pointer|
|weight_input_3_29_num_data_valid    |   in|    2|     ap_fifo|                                     weight_input_3_29|       pointer|
|weight_input_3_29_fifo_cap          |   in|    2|     ap_fifo|                                     weight_input_3_29|       pointer|
|weight_input_3_29_empty_n           |   in|    1|     ap_fifo|                                     weight_input_3_29|       pointer|
|weight_input_3_29_read              |  out|    1|     ap_fifo|                                     weight_input_3_29|       pointer|
|property_input_3_28_dout            |   in|   32|     ap_fifo|                                   property_input_3_28|       pointer|
|property_input_3_28_num_data_valid  |   in|    2|     ap_fifo|                                   property_input_3_28|       pointer|
|property_input_3_28_fifo_cap        |   in|    2|     ap_fifo|                                   property_input_3_28|       pointer|
|property_input_3_28_empty_n         |   in|    1|     ap_fifo|                                   property_input_3_28|       pointer|
|property_input_3_28_read            |  out|    1|     ap_fifo|                                   property_input_3_28|       pointer|
|weight_input_3_28_dout              |   in|   32|     ap_fifo|                                     weight_input_3_28|       pointer|
|weight_input_3_28_num_data_valid    |   in|    2|     ap_fifo|                                     weight_input_3_28|       pointer|
|weight_input_3_28_fifo_cap          |   in|    2|     ap_fifo|                                     weight_input_3_28|       pointer|
|weight_input_3_28_empty_n           |   in|    1|     ap_fifo|                                     weight_input_3_28|       pointer|
|weight_input_3_28_read              |  out|    1|     ap_fifo|                                     weight_input_3_28|       pointer|
|property_input_3_27_dout            |   in|   32|     ap_fifo|                                   property_input_3_27|       pointer|
|property_input_3_27_num_data_valid  |   in|    2|     ap_fifo|                                   property_input_3_27|       pointer|
|property_input_3_27_fifo_cap        |   in|    2|     ap_fifo|                                   property_input_3_27|       pointer|
|property_input_3_27_empty_n         |   in|    1|     ap_fifo|                                   property_input_3_27|       pointer|
|property_input_3_27_read            |  out|    1|     ap_fifo|                                   property_input_3_27|       pointer|
|weight_input_3_27_dout              |   in|   32|     ap_fifo|                                     weight_input_3_27|       pointer|
|weight_input_3_27_num_data_valid    |   in|    2|     ap_fifo|                                     weight_input_3_27|       pointer|
|weight_input_3_27_fifo_cap          |   in|    2|     ap_fifo|                                     weight_input_3_27|       pointer|
|weight_input_3_27_empty_n           |   in|    1|     ap_fifo|                                     weight_input_3_27|       pointer|
|weight_input_3_27_read              |  out|    1|     ap_fifo|                                     weight_input_3_27|       pointer|
|property_input_3_26_dout            |   in|   32|     ap_fifo|                                   property_input_3_26|       pointer|
|property_input_3_26_num_data_valid  |   in|    2|     ap_fifo|                                   property_input_3_26|       pointer|
|property_input_3_26_fifo_cap        |   in|    2|     ap_fifo|                                   property_input_3_26|       pointer|
|property_input_3_26_empty_n         |   in|    1|     ap_fifo|                                   property_input_3_26|       pointer|
|property_input_3_26_read            |  out|    1|     ap_fifo|                                   property_input_3_26|       pointer|
|weight_input_3_26_dout              |   in|   32|     ap_fifo|                                     weight_input_3_26|       pointer|
|weight_input_3_26_num_data_valid    |   in|    2|     ap_fifo|                                     weight_input_3_26|       pointer|
|weight_input_3_26_fifo_cap          |   in|    2|     ap_fifo|                                     weight_input_3_26|       pointer|
|weight_input_3_26_empty_n           |   in|    1|     ap_fifo|                                     weight_input_3_26|       pointer|
|weight_input_3_26_read              |  out|    1|     ap_fifo|                                     weight_input_3_26|       pointer|
|property_input_3_25_dout            |   in|   32|     ap_fifo|                                   property_input_3_25|       pointer|
|property_input_3_25_num_data_valid  |   in|    2|     ap_fifo|                                   property_input_3_25|       pointer|
|property_input_3_25_fifo_cap        |   in|    2|     ap_fifo|                                   property_input_3_25|       pointer|
|property_input_3_25_empty_n         |   in|    1|     ap_fifo|                                   property_input_3_25|       pointer|
|property_input_3_25_read            |  out|    1|     ap_fifo|                                   property_input_3_25|       pointer|
|weight_input_3_25_dout              |   in|   32|     ap_fifo|                                     weight_input_3_25|       pointer|
|weight_input_3_25_num_data_valid    |   in|    2|     ap_fifo|                                     weight_input_3_25|       pointer|
|weight_input_3_25_fifo_cap          |   in|    2|     ap_fifo|                                     weight_input_3_25|       pointer|
|weight_input_3_25_empty_n           |   in|    1|     ap_fifo|                                     weight_input_3_25|       pointer|
|weight_input_3_25_read              |  out|    1|     ap_fifo|                                     weight_input_3_25|       pointer|
|property_input_3_24_dout            |   in|   32|     ap_fifo|                                   property_input_3_24|       pointer|
|property_input_3_24_num_data_valid  |   in|    2|     ap_fifo|                                   property_input_3_24|       pointer|
|property_input_3_24_fifo_cap        |   in|    2|     ap_fifo|                                   property_input_3_24|       pointer|
|property_input_3_24_empty_n         |   in|    1|     ap_fifo|                                   property_input_3_24|       pointer|
|property_input_3_24_read            |  out|    1|     ap_fifo|                                   property_input_3_24|       pointer|
|weight_input_3_24_dout              |   in|   32|     ap_fifo|                                     weight_input_3_24|       pointer|
|weight_input_3_24_num_data_valid    |   in|    2|     ap_fifo|                                     weight_input_3_24|       pointer|
|weight_input_3_24_fifo_cap          |   in|    2|     ap_fifo|                                     weight_input_3_24|       pointer|
|weight_input_3_24_empty_n           |   in|    1|     ap_fifo|                                     weight_input_3_24|       pointer|
|weight_input_3_24_read              |  out|    1|     ap_fifo|                                     weight_input_3_24|       pointer|
|property_input_3_23_dout            |   in|   32|     ap_fifo|                                   property_input_3_23|       pointer|
|property_input_3_23_num_data_valid  |   in|    2|     ap_fifo|                                   property_input_3_23|       pointer|
|property_input_3_23_fifo_cap        |   in|    2|     ap_fifo|                                   property_input_3_23|       pointer|
|property_input_3_23_empty_n         |   in|    1|     ap_fifo|                                   property_input_3_23|       pointer|
|property_input_3_23_read            |  out|    1|     ap_fifo|                                   property_input_3_23|       pointer|
|weight_input_3_23_dout              |   in|   32|     ap_fifo|                                     weight_input_3_23|       pointer|
|weight_input_3_23_num_data_valid    |   in|    2|     ap_fifo|                                     weight_input_3_23|       pointer|
|weight_input_3_23_fifo_cap          |   in|    2|     ap_fifo|                                     weight_input_3_23|       pointer|
|weight_input_3_23_empty_n           |   in|    1|     ap_fifo|                                     weight_input_3_23|       pointer|
|weight_input_3_23_read              |  out|    1|     ap_fifo|                                     weight_input_3_23|       pointer|
|property_input_3_22_dout            |   in|   32|     ap_fifo|                                   property_input_3_22|       pointer|
|property_input_3_22_num_data_valid  |   in|    2|     ap_fifo|                                   property_input_3_22|       pointer|
|property_input_3_22_fifo_cap        |   in|    2|     ap_fifo|                                   property_input_3_22|       pointer|
|property_input_3_22_empty_n         |   in|    1|     ap_fifo|                                   property_input_3_22|       pointer|
|property_input_3_22_read            |  out|    1|     ap_fifo|                                   property_input_3_22|       pointer|
|weight_input_3_22_dout              |   in|   32|     ap_fifo|                                     weight_input_3_22|       pointer|
|weight_input_3_22_num_data_valid    |   in|    2|     ap_fifo|                                     weight_input_3_22|       pointer|
|weight_input_3_22_fifo_cap          |   in|    2|     ap_fifo|                                     weight_input_3_22|       pointer|
|weight_input_3_22_empty_n           |   in|    1|     ap_fifo|                                     weight_input_3_22|       pointer|
|weight_input_3_22_read              |  out|    1|     ap_fifo|                                     weight_input_3_22|       pointer|
|property_input_3_21_dout            |   in|   32|     ap_fifo|                                   property_input_3_21|       pointer|
|property_input_3_21_num_data_valid  |   in|    2|     ap_fifo|                                   property_input_3_21|       pointer|
|property_input_3_21_fifo_cap        |   in|    2|     ap_fifo|                                   property_input_3_21|       pointer|
|property_input_3_21_empty_n         |   in|    1|     ap_fifo|                                   property_input_3_21|       pointer|
|property_input_3_21_read            |  out|    1|     ap_fifo|                                   property_input_3_21|       pointer|
|weight_input_3_21_dout              |   in|   32|     ap_fifo|                                     weight_input_3_21|       pointer|
|weight_input_3_21_num_data_valid    |   in|    2|     ap_fifo|                                     weight_input_3_21|       pointer|
|weight_input_3_21_fifo_cap          |   in|    2|     ap_fifo|                                     weight_input_3_21|       pointer|
|weight_input_3_21_empty_n           |   in|    1|     ap_fifo|                                     weight_input_3_21|       pointer|
|weight_input_3_21_read              |  out|    1|     ap_fifo|                                     weight_input_3_21|       pointer|
|property_input_3_20_dout            |   in|   32|     ap_fifo|                                   property_input_3_20|       pointer|
|property_input_3_20_num_data_valid  |   in|    2|     ap_fifo|                                   property_input_3_20|       pointer|
|property_input_3_20_fifo_cap        |   in|    2|     ap_fifo|                                   property_input_3_20|       pointer|
|property_input_3_20_empty_n         |   in|    1|     ap_fifo|                                   property_input_3_20|       pointer|
|property_input_3_20_read            |  out|    1|     ap_fifo|                                   property_input_3_20|       pointer|
|weight_input_3_20_dout              |   in|   32|     ap_fifo|                                     weight_input_3_20|       pointer|
|weight_input_3_20_num_data_valid    |   in|    2|     ap_fifo|                                     weight_input_3_20|       pointer|
|weight_input_3_20_fifo_cap          |   in|    2|     ap_fifo|                                     weight_input_3_20|       pointer|
|weight_input_3_20_empty_n           |   in|    1|     ap_fifo|                                     weight_input_3_20|       pointer|
|weight_input_3_20_read              |  out|    1|     ap_fifo|                                     weight_input_3_20|       pointer|
|property_input_3_19_dout            |   in|   32|     ap_fifo|                                   property_input_3_19|       pointer|
|property_input_3_19_num_data_valid  |   in|    2|     ap_fifo|                                   property_input_3_19|       pointer|
|property_input_3_19_fifo_cap        |   in|    2|     ap_fifo|                                   property_input_3_19|       pointer|
|property_input_3_19_empty_n         |   in|    1|     ap_fifo|                                   property_input_3_19|       pointer|
|property_input_3_19_read            |  out|    1|     ap_fifo|                                   property_input_3_19|       pointer|
|weight_input_3_19_dout              |   in|   32|     ap_fifo|                                     weight_input_3_19|       pointer|
|weight_input_3_19_num_data_valid    |   in|    2|     ap_fifo|                                     weight_input_3_19|       pointer|
|weight_input_3_19_fifo_cap          |   in|    2|     ap_fifo|                                     weight_input_3_19|       pointer|
|weight_input_3_19_empty_n           |   in|    1|     ap_fifo|                                     weight_input_3_19|       pointer|
|weight_input_3_19_read              |  out|    1|     ap_fifo|                                     weight_input_3_19|       pointer|
|property_input_3_18_dout            |   in|   32|     ap_fifo|                                   property_input_3_18|       pointer|
|property_input_3_18_num_data_valid  |   in|    2|     ap_fifo|                                   property_input_3_18|       pointer|
|property_input_3_18_fifo_cap        |   in|    2|     ap_fifo|                                   property_input_3_18|       pointer|
|property_input_3_18_empty_n         |   in|    1|     ap_fifo|                                   property_input_3_18|       pointer|
|property_input_3_18_read            |  out|    1|     ap_fifo|                                   property_input_3_18|       pointer|
|weight_input_3_18_dout              |   in|   32|     ap_fifo|                                     weight_input_3_18|       pointer|
|weight_input_3_18_num_data_valid    |   in|    2|     ap_fifo|                                     weight_input_3_18|       pointer|
|weight_input_3_18_fifo_cap          |   in|    2|     ap_fifo|                                     weight_input_3_18|       pointer|
|weight_input_3_18_empty_n           |   in|    1|     ap_fifo|                                     weight_input_3_18|       pointer|
|weight_input_3_18_read              |  out|    1|     ap_fifo|                                     weight_input_3_18|       pointer|
|property_input_3_17_dout            |   in|   32|     ap_fifo|                                   property_input_3_17|       pointer|
|property_input_3_17_num_data_valid  |   in|    2|     ap_fifo|                                   property_input_3_17|       pointer|
|property_input_3_17_fifo_cap        |   in|    2|     ap_fifo|                                   property_input_3_17|       pointer|
|property_input_3_17_empty_n         |   in|    1|     ap_fifo|                                   property_input_3_17|       pointer|
|property_input_3_17_read            |  out|    1|     ap_fifo|                                   property_input_3_17|       pointer|
|weight_input_3_17_dout              |   in|   32|     ap_fifo|                                     weight_input_3_17|       pointer|
|weight_input_3_17_num_data_valid    |   in|    2|     ap_fifo|                                     weight_input_3_17|       pointer|
|weight_input_3_17_fifo_cap          |   in|    2|     ap_fifo|                                     weight_input_3_17|       pointer|
|weight_input_3_17_empty_n           |   in|    1|     ap_fifo|                                     weight_input_3_17|       pointer|
|weight_input_3_17_read              |  out|    1|     ap_fifo|                                     weight_input_3_17|       pointer|
|property_input_3_16_dout            |   in|   32|     ap_fifo|                                   property_input_3_16|       pointer|
|property_input_3_16_num_data_valid  |   in|    2|     ap_fifo|                                   property_input_3_16|       pointer|
|property_input_3_16_fifo_cap        |   in|    2|     ap_fifo|                                   property_input_3_16|       pointer|
|property_input_3_16_empty_n         |   in|    1|     ap_fifo|                                   property_input_3_16|       pointer|
|property_input_3_16_read            |  out|    1|     ap_fifo|                                   property_input_3_16|       pointer|
|weight_input_3_16_dout              |   in|   32|     ap_fifo|                                     weight_input_3_16|       pointer|
|weight_input_3_16_num_data_valid    |   in|    2|     ap_fifo|                                     weight_input_3_16|       pointer|
|weight_input_3_16_fifo_cap          |   in|    2|     ap_fifo|                                     weight_input_3_16|       pointer|
|weight_input_3_16_empty_n           |   in|    1|     ap_fifo|                                     weight_input_3_16|       pointer|
|weight_input_3_16_read              |  out|    1|     ap_fifo|                                     weight_input_3_16|       pointer|
|property_input_3_15_dout            |   in|   32|     ap_fifo|                                   property_input_3_15|       pointer|
|property_input_3_15_num_data_valid  |   in|    2|     ap_fifo|                                   property_input_3_15|       pointer|
|property_input_3_15_fifo_cap        |   in|    2|     ap_fifo|                                   property_input_3_15|       pointer|
|property_input_3_15_empty_n         |   in|    1|     ap_fifo|                                   property_input_3_15|       pointer|
|property_input_3_15_read            |  out|    1|     ap_fifo|                                   property_input_3_15|       pointer|
|weight_input_3_15_dout              |   in|   32|     ap_fifo|                                     weight_input_3_15|       pointer|
|weight_input_3_15_num_data_valid    |   in|    2|     ap_fifo|                                     weight_input_3_15|       pointer|
|weight_input_3_15_fifo_cap          |   in|    2|     ap_fifo|                                     weight_input_3_15|       pointer|
|weight_input_3_15_empty_n           |   in|    1|     ap_fifo|                                     weight_input_3_15|       pointer|
|weight_input_3_15_read              |  out|    1|     ap_fifo|                                     weight_input_3_15|       pointer|
|property_input_3_14_dout            |   in|   32|     ap_fifo|                                   property_input_3_14|       pointer|
|property_input_3_14_num_data_valid  |   in|    2|     ap_fifo|                                   property_input_3_14|       pointer|
|property_input_3_14_fifo_cap        |   in|    2|     ap_fifo|                                   property_input_3_14|       pointer|
|property_input_3_14_empty_n         |   in|    1|     ap_fifo|                                   property_input_3_14|       pointer|
|property_input_3_14_read            |  out|    1|     ap_fifo|                                   property_input_3_14|       pointer|
|weight_input_3_14_dout              |   in|   32|     ap_fifo|                                     weight_input_3_14|       pointer|
|weight_input_3_14_num_data_valid    |   in|    2|     ap_fifo|                                     weight_input_3_14|       pointer|
|weight_input_3_14_fifo_cap          |   in|    2|     ap_fifo|                                     weight_input_3_14|       pointer|
|weight_input_3_14_empty_n           |   in|    1|     ap_fifo|                                     weight_input_3_14|       pointer|
|weight_input_3_14_read              |  out|    1|     ap_fifo|                                     weight_input_3_14|       pointer|
|property_input_3_13_dout            |   in|   32|     ap_fifo|                                   property_input_3_13|       pointer|
|property_input_3_13_num_data_valid  |   in|    2|     ap_fifo|                                   property_input_3_13|       pointer|
|property_input_3_13_fifo_cap        |   in|    2|     ap_fifo|                                   property_input_3_13|       pointer|
|property_input_3_13_empty_n         |   in|    1|     ap_fifo|                                   property_input_3_13|       pointer|
|property_input_3_13_read            |  out|    1|     ap_fifo|                                   property_input_3_13|       pointer|
|weight_input_3_13_dout              |   in|   32|     ap_fifo|                                     weight_input_3_13|       pointer|
|weight_input_3_13_num_data_valid    |   in|    2|     ap_fifo|                                     weight_input_3_13|       pointer|
|weight_input_3_13_fifo_cap          |   in|    2|     ap_fifo|                                     weight_input_3_13|       pointer|
|weight_input_3_13_empty_n           |   in|    1|     ap_fifo|                                     weight_input_3_13|       pointer|
|weight_input_3_13_read              |  out|    1|     ap_fifo|                                     weight_input_3_13|       pointer|
|property_input_3_12_dout            |   in|   32|     ap_fifo|                                   property_input_3_12|       pointer|
|property_input_3_12_num_data_valid  |   in|    2|     ap_fifo|                                   property_input_3_12|       pointer|
|property_input_3_12_fifo_cap        |   in|    2|     ap_fifo|                                   property_input_3_12|       pointer|
|property_input_3_12_empty_n         |   in|    1|     ap_fifo|                                   property_input_3_12|       pointer|
|property_input_3_12_read            |  out|    1|     ap_fifo|                                   property_input_3_12|       pointer|
|weight_input_3_12_dout              |   in|   32|     ap_fifo|                                     weight_input_3_12|       pointer|
|weight_input_3_12_num_data_valid    |   in|    2|     ap_fifo|                                     weight_input_3_12|       pointer|
|weight_input_3_12_fifo_cap          |   in|    2|     ap_fifo|                                     weight_input_3_12|       pointer|
|weight_input_3_12_empty_n           |   in|    1|     ap_fifo|                                     weight_input_3_12|       pointer|
|weight_input_3_12_read              |  out|    1|     ap_fifo|                                     weight_input_3_12|       pointer|
|property_input_3_11_dout            |   in|   32|     ap_fifo|                                   property_input_3_11|       pointer|
|property_input_3_11_num_data_valid  |   in|    2|     ap_fifo|                                   property_input_3_11|       pointer|
|property_input_3_11_fifo_cap        |   in|    2|     ap_fifo|                                   property_input_3_11|       pointer|
|property_input_3_11_empty_n         |   in|    1|     ap_fifo|                                   property_input_3_11|       pointer|
|property_input_3_11_read            |  out|    1|     ap_fifo|                                   property_input_3_11|       pointer|
|weight_input_3_11_dout              |   in|   32|     ap_fifo|                                     weight_input_3_11|       pointer|
|weight_input_3_11_num_data_valid    |   in|    2|     ap_fifo|                                     weight_input_3_11|       pointer|
|weight_input_3_11_fifo_cap          |   in|    2|     ap_fifo|                                     weight_input_3_11|       pointer|
|weight_input_3_11_empty_n           |   in|    1|     ap_fifo|                                     weight_input_3_11|       pointer|
|weight_input_3_11_read              |  out|    1|     ap_fifo|                                     weight_input_3_11|       pointer|
|property_input_3_10_dout            |   in|   32|     ap_fifo|                                   property_input_3_10|       pointer|
|property_input_3_10_num_data_valid  |   in|    2|     ap_fifo|                                   property_input_3_10|       pointer|
|property_input_3_10_fifo_cap        |   in|    2|     ap_fifo|                                   property_input_3_10|       pointer|
|property_input_3_10_empty_n         |   in|    1|     ap_fifo|                                   property_input_3_10|       pointer|
|property_input_3_10_read            |  out|    1|     ap_fifo|                                   property_input_3_10|       pointer|
|weight_input_3_10_dout              |   in|   32|     ap_fifo|                                     weight_input_3_10|       pointer|
|weight_input_3_10_num_data_valid    |   in|    2|     ap_fifo|                                     weight_input_3_10|       pointer|
|weight_input_3_10_fifo_cap          |   in|    2|     ap_fifo|                                     weight_input_3_10|       pointer|
|weight_input_3_10_empty_n           |   in|    1|     ap_fifo|                                     weight_input_3_10|       pointer|
|weight_input_3_10_read              |  out|    1|     ap_fifo|                                     weight_input_3_10|       pointer|
|property_input_3_9_dout             |   in|   32|     ap_fifo|                                    property_input_3_9|       pointer|
|property_input_3_9_num_data_valid   |   in|    2|     ap_fifo|                                    property_input_3_9|       pointer|
|property_input_3_9_fifo_cap         |   in|    2|     ap_fifo|                                    property_input_3_9|       pointer|
|property_input_3_9_empty_n          |   in|    1|     ap_fifo|                                    property_input_3_9|       pointer|
|property_input_3_9_read             |  out|    1|     ap_fifo|                                    property_input_3_9|       pointer|
|weight_input_3_9_dout               |   in|   32|     ap_fifo|                                      weight_input_3_9|       pointer|
|weight_input_3_9_num_data_valid     |   in|    2|     ap_fifo|                                      weight_input_3_9|       pointer|
|weight_input_3_9_fifo_cap           |   in|    2|     ap_fifo|                                      weight_input_3_9|       pointer|
|weight_input_3_9_empty_n            |   in|    1|     ap_fifo|                                      weight_input_3_9|       pointer|
|weight_input_3_9_read               |  out|    1|     ap_fifo|                                      weight_input_3_9|       pointer|
|property_input_3_8_dout             |   in|   32|     ap_fifo|                                    property_input_3_8|       pointer|
|property_input_3_8_num_data_valid   |   in|    2|     ap_fifo|                                    property_input_3_8|       pointer|
|property_input_3_8_fifo_cap         |   in|    2|     ap_fifo|                                    property_input_3_8|       pointer|
|property_input_3_8_empty_n          |   in|    1|     ap_fifo|                                    property_input_3_8|       pointer|
|property_input_3_8_read             |  out|    1|     ap_fifo|                                    property_input_3_8|       pointer|
|weight_input_3_8_dout               |   in|   32|     ap_fifo|                                      weight_input_3_8|       pointer|
|weight_input_3_8_num_data_valid     |   in|    2|     ap_fifo|                                      weight_input_3_8|       pointer|
|weight_input_3_8_fifo_cap           |   in|    2|     ap_fifo|                                      weight_input_3_8|       pointer|
|weight_input_3_8_empty_n            |   in|    1|     ap_fifo|                                      weight_input_3_8|       pointer|
|weight_input_3_8_read               |  out|    1|     ap_fifo|                                      weight_input_3_8|       pointer|
|property_input_3_7_dout             |   in|   32|     ap_fifo|                                    property_input_3_7|       pointer|
|property_input_3_7_num_data_valid   |   in|    2|     ap_fifo|                                    property_input_3_7|       pointer|
|property_input_3_7_fifo_cap         |   in|    2|     ap_fifo|                                    property_input_3_7|       pointer|
|property_input_3_7_empty_n          |   in|    1|     ap_fifo|                                    property_input_3_7|       pointer|
|property_input_3_7_read             |  out|    1|     ap_fifo|                                    property_input_3_7|       pointer|
|weight_input_3_7_dout               |   in|   32|     ap_fifo|                                      weight_input_3_7|       pointer|
|weight_input_3_7_num_data_valid     |   in|    2|     ap_fifo|                                      weight_input_3_7|       pointer|
|weight_input_3_7_fifo_cap           |   in|    2|     ap_fifo|                                      weight_input_3_7|       pointer|
|weight_input_3_7_empty_n            |   in|    1|     ap_fifo|                                      weight_input_3_7|       pointer|
|weight_input_3_7_read               |  out|    1|     ap_fifo|                                      weight_input_3_7|       pointer|
|property_input_3_6_dout             |   in|   32|     ap_fifo|                                    property_input_3_6|       pointer|
|property_input_3_6_num_data_valid   |   in|    2|     ap_fifo|                                    property_input_3_6|       pointer|
|property_input_3_6_fifo_cap         |   in|    2|     ap_fifo|                                    property_input_3_6|       pointer|
|property_input_3_6_empty_n          |   in|    1|     ap_fifo|                                    property_input_3_6|       pointer|
|property_input_3_6_read             |  out|    1|     ap_fifo|                                    property_input_3_6|       pointer|
|weight_input_3_6_dout               |   in|   32|     ap_fifo|                                      weight_input_3_6|       pointer|
|weight_input_3_6_num_data_valid     |   in|    2|     ap_fifo|                                      weight_input_3_6|       pointer|
|weight_input_3_6_fifo_cap           |   in|    2|     ap_fifo|                                      weight_input_3_6|       pointer|
|weight_input_3_6_empty_n            |   in|    1|     ap_fifo|                                      weight_input_3_6|       pointer|
|weight_input_3_6_read               |  out|    1|     ap_fifo|                                      weight_input_3_6|       pointer|
|property_input_3_5_dout             |   in|   32|     ap_fifo|                                    property_input_3_5|       pointer|
|property_input_3_5_num_data_valid   |   in|    2|     ap_fifo|                                    property_input_3_5|       pointer|
|property_input_3_5_fifo_cap         |   in|    2|     ap_fifo|                                    property_input_3_5|       pointer|
|property_input_3_5_empty_n          |   in|    1|     ap_fifo|                                    property_input_3_5|       pointer|
|property_input_3_5_read             |  out|    1|     ap_fifo|                                    property_input_3_5|       pointer|
|weight_input_3_5_dout               |   in|   32|     ap_fifo|                                      weight_input_3_5|       pointer|
|weight_input_3_5_num_data_valid     |   in|    2|     ap_fifo|                                      weight_input_3_5|       pointer|
|weight_input_3_5_fifo_cap           |   in|    2|     ap_fifo|                                      weight_input_3_5|       pointer|
|weight_input_3_5_empty_n            |   in|    1|     ap_fifo|                                      weight_input_3_5|       pointer|
|weight_input_3_5_read               |  out|    1|     ap_fifo|                                      weight_input_3_5|       pointer|
|property_input_3_4_dout             |   in|   32|     ap_fifo|                                    property_input_3_4|       pointer|
|property_input_3_4_num_data_valid   |   in|    2|     ap_fifo|                                    property_input_3_4|       pointer|
|property_input_3_4_fifo_cap         |   in|    2|     ap_fifo|                                    property_input_3_4|       pointer|
|property_input_3_4_empty_n          |   in|    1|     ap_fifo|                                    property_input_3_4|       pointer|
|property_input_3_4_read             |  out|    1|     ap_fifo|                                    property_input_3_4|       pointer|
|weight_input_3_4_dout               |   in|   32|     ap_fifo|                                      weight_input_3_4|       pointer|
|weight_input_3_4_num_data_valid     |   in|    2|     ap_fifo|                                      weight_input_3_4|       pointer|
|weight_input_3_4_fifo_cap           |   in|    2|     ap_fifo|                                      weight_input_3_4|       pointer|
|weight_input_3_4_empty_n            |   in|    1|     ap_fifo|                                      weight_input_3_4|       pointer|
|weight_input_3_4_read               |  out|    1|     ap_fifo|                                      weight_input_3_4|       pointer|
|property_input_3_3_dout             |   in|   32|     ap_fifo|                                    property_input_3_3|       pointer|
|property_input_3_3_num_data_valid   |   in|    2|     ap_fifo|                                    property_input_3_3|       pointer|
|property_input_3_3_fifo_cap         |   in|    2|     ap_fifo|                                    property_input_3_3|       pointer|
|property_input_3_3_empty_n          |   in|    1|     ap_fifo|                                    property_input_3_3|       pointer|
|property_input_3_3_read             |  out|    1|     ap_fifo|                                    property_input_3_3|       pointer|
|weight_input_3_3_dout               |   in|   32|     ap_fifo|                                      weight_input_3_3|       pointer|
|weight_input_3_3_num_data_valid     |   in|    2|     ap_fifo|                                      weight_input_3_3|       pointer|
|weight_input_3_3_fifo_cap           |   in|    2|     ap_fifo|                                      weight_input_3_3|       pointer|
|weight_input_3_3_empty_n            |   in|    1|     ap_fifo|                                      weight_input_3_3|       pointer|
|weight_input_3_3_read               |  out|    1|     ap_fifo|                                      weight_input_3_3|       pointer|
|property_input_3_2_dout             |   in|   32|     ap_fifo|                                    property_input_3_2|       pointer|
|property_input_3_2_num_data_valid   |   in|    2|     ap_fifo|                                    property_input_3_2|       pointer|
|property_input_3_2_fifo_cap         |   in|    2|     ap_fifo|                                    property_input_3_2|       pointer|
|property_input_3_2_empty_n          |   in|    1|     ap_fifo|                                    property_input_3_2|       pointer|
|property_input_3_2_read             |  out|    1|     ap_fifo|                                    property_input_3_2|       pointer|
|weight_input_3_2_dout               |   in|   32|     ap_fifo|                                      weight_input_3_2|       pointer|
|weight_input_3_2_num_data_valid     |   in|    2|     ap_fifo|                                      weight_input_3_2|       pointer|
|weight_input_3_2_fifo_cap           |   in|    2|     ap_fifo|                                      weight_input_3_2|       pointer|
|weight_input_3_2_empty_n            |   in|    1|     ap_fifo|                                      weight_input_3_2|       pointer|
|weight_input_3_2_read               |  out|    1|     ap_fifo|                                      weight_input_3_2|       pointer|
|property_input_3_1_dout             |   in|   32|     ap_fifo|                                    property_input_3_1|       pointer|
|property_input_3_1_num_data_valid   |   in|    2|     ap_fifo|                                    property_input_3_1|       pointer|
|property_input_3_1_fifo_cap         |   in|    2|     ap_fifo|                                    property_input_3_1|       pointer|
|property_input_3_1_empty_n          |   in|    1|     ap_fifo|                                    property_input_3_1|       pointer|
|property_input_3_1_read             |  out|    1|     ap_fifo|                                    property_input_3_1|       pointer|
|weight_input_3_1_dout               |   in|   32|     ap_fifo|                                      weight_input_3_1|       pointer|
|weight_input_3_1_num_data_valid     |   in|    2|     ap_fifo|                                      weight_input_3_1|       pointer|
|weight_input_3_1_fifo_cap           |   in|    2|     ap_fifo|                                      weight_input_3_1|       pointer|
|weight_input_3_1_empty_n            |   in|    1|     ap_fifo|                                      weight_input_3_1|       pointer|
|weight_input_3_1_read               |  out|    1|     ap_fifo|                                      weight_input_3_1|       pointer|
|property_input_3_0_dout             |   in|   32|     ap_fifo|                                    property_input_3_0|       pointer|
|property_input_3_0_num_data_valid   |   in|    2|     ap_fifo|                                    property_input_3_0|       pointer|
|property_input_3_0_fifo_cap         |   in|    2|     ap_fifo|                                    property_input_3_0|       pointer|
|property_input_3_0_empty_n          |   in|    1|     ap_fifo|                                    property_input_3_0|       pointer|
|property_input_3_0_read             |  out|    1|     ap_fifo|                                    property_input_3_0|       pointer|
|weight_input_3_0_dout               |   in|   32|     ap_fifo|                                      weight_input_3_0|       pointer|
|weight_input_3_0_num_data_valid     |   in|    2|     ap_fifo|                                      weight_input_3_0|       pointer|
|weight_input_3_0_fifo_cap           |   in|    2|     ap_fifo|                                      weight_input_3_0|       pointer|
|weight_input_3_0_empty_n            |   in|    1|     ap_fifo|                                      weight_input_3_0|       pointer|
|weight_input_3_0_read               |  out|    1|     ap_fifo|                                      weight_input_3_0|       pointer|
|property_input_3_31_dout            |   in|   32|     ap_fifo|                                   property_input_3_31|       pointer|
|property_input_3_31_num_data_valid  |   in|    2|     ap_fifo|                                   property_input_3_31|       pointer|
|property_input_3_31_fifo_cap        |   in|    2|     ap_fifo|                                   property_input_3_31|       pointer|
|property_input_3_31_empty_n         |   in|    1|     ap_fifo|                                   property_input_3_31|       pointer|
|property_input_3_31_read            |  out|    1|     ap_fifo|                                   property_input_3_31|       pointer|
|weight_input_3_31_dout              |   in|   32|     ap_fifo|                                     weight_input_3_31|       pointer|
|weight_input_3_31_num_data_valid    |   in|    2|     ap_fifo|                                     weight_input_3_31|       pointer|
|weight_input_3_31_fifo_cap          |   in|    2|     ap_fifo|                                     weight_input_3_31|       pointer|
|weight_input_3_31_empty_n           |   in|    1|     ap_fifo|                                     weight_input_3_31|       pointer|
|weight_input_3_31_read              |  out|    1|     ap_fifo|                                     weight_input_3_31|       pointer|
|featrue_length                      |   in|   32|     ap_none|                                        featrue_length|        scalar|
|col_cast2                           |   in|    5|     ap_none|                                             col_cast2|        scalar|
|sum_6_out                           |  out|   32|      ap_vld|                                             sum_6_out|       pointer|
|sum_6_out_ap_vld                    |  out|    1|      ap_vld|                                             sum_6_out|       pointer|
+------------------------------------+-----+-----+------------+------------------------------------------------------+--------------+

